 win32_main

 Timestamp is 5599f2c9 (Sun Jul 05 23:15:21 2015)

 Preferred load address is 0000000140000000

 Start         Length     Name                   Class
 0001:00000000 0000009cH .text$di                CODE
 0001:000000a0 0002d42cH .text$mn                CODE
 0001:0002d4d0 000005eeH .text$x                 CODE
 0001:0002dac0 00000035H .text$yd                CODE
 0002:00000000 00000270H .idata$5                DATA
 0002:00000270 00000008H .CRT$XCA                DATA
 0002:00000278 00000020H .CRT$XCU                DATA
 0002:00000298 00000008H .CRT$XCZ                DATA
 0002:000002a0 00000008H .CRT$XIA                DATA
 0002:000002a8 00000020H .CRT$XIC                DATA
 0002:000002c8 00000008H .CRT$XIY                DATA
 0002:000002d0 00000008H .CRT$XIZ                DATA
 0002:000002d8 00000008H .CRT$XPA                DATA
 0002:000002e0 00000010H .CRT$XPX                DATA
 0002:000002f0 00000008H .CRT$XPXA               DATA
 0002:000002f8 00000008H .CRT$XPZ                DATA
 0002:00000300 00000008H .CRT$XTA                DATA
 0002:00000308 00000008H .CRT$XTZ                DATA
 0002:00000310 0000bf90H .rdata                  DATA
 0002:0000c2a0 0000005cH .rdata$debug            DATA
 0002:0000c300 000001ecH .rdata$r                DATA
 0002:0000c4f0 00000008H .rtc$IAA                DATA
 0002:0000c4f8 00000008H .rtc$IZZ                DATA
 0002:0000c500 00000008H .rtc$TAA                DATA
 0002:0000c508 00000008H .rtc$TZZ                DATA
 0002:0000c510 00000c40H .xdata                  DATA
 0002:0000d150 000000e4H .xdata$x                DATA
 0002:0000d234 00000000H .edata                  DATA
 0002:0000d234 00000028H .idata$2                DATA
 0002:0000d25c 00000014H .idata$3                DATA
 0002:0000d270 00000270H .idata$4                DATA
 0002:0000d4e0 000005b4H .idata$6                DATA
 0003:00000000 000018a8H .data                   DATA
 0003:000018a8 00000098H .data$r                 DATA
 0003:00001940 000024e8H .bss                    DATA
 0004:00000000 0000165cH .pdata                  DATA

  Address         Publics by Value              Rva+Base               Lib:Object

 0000:00000000       __guard_fids_count         0000000000000000     <absolute>
 0000:00000000       __guard_flags              0000000000000000     <absolute>
 0000:00000000       ___safe_se_handler_count   0000000000000000     <absolute>
 0000:00000000       __guard_fids_table         0000000000000000     <absolute>
 0000:00000000       ___safe_se_handler_table   0000000000000000     <absolute>
 0000:00000000       __ImageBase                0000000140000000     <linker-defined>
 0001:000000a0       WinMain                    00000001400010a0 f   win32_main.obj
 0001:000006b0       ?GlobalAllocator@@YAPEAVAllocator@@XZ 00000001400016b0 f   win32_main.obj
 0001:000006c0       ?doBoundsCollide@@YAHUAABBox@@0@Z 00000001400016c0 f   win32_main.obj
 0001:00000770       ?isLeafNode@Octree@@QEAA_NXZ 0000000140001770 f   win32_main.obj
 0001:000007b0       ?insert@Octree@@QEAAXI@Z   00000001400017b0 f   win32_main.obj
 0001:000007e0       ?insert@Octree@@QEAAXIH@Z  00000001400017e0 f   win32_main.obj
 0001:00000be0       ?whichOctant@Octree@@AEAAEAEBUVec3@@@Z 0000000140001be0 f   win32_main.obj
 0001:00000c60       ?whichChildren@Octree@@AEAAEUAABBox@@@Z 0000000140001c60 f   win32_main.obj
 0001:00000da0       ?countSort@@YAXPEAIII@Z    0000000140001da0 f   win32_main.obj
 0001:000010c0       ?JVectorTest@@YAXPEAVAllocator@@@Z 00000001400020c0 f   win32_main.obj
 0001:00001210       ??$allocateArray@H@Allocator@@QEAAX_KAEAPEAH@Z 0000000140002210 f i win32_main.obj
 0001:00001260       ??$allocateArray@UEntity@@@Allocator@@QEAAX_KAEAPEAUEntity@@@Z 0000000140002260 f i win32_main.obj
 0001:000012b0       ??$allocateArray@UOctree@@@Allocator@@QEAAX_KAEAPEAUOctree@@@Z 00000001400022b0 f i win32_main.obj
 0001:00001300       ??0?$JVector@UEntity@@@junk@@QEAA@PEAVAllocator@@@Z 0000000140002300 f i win32_main.obj
 0001:00001300       ??0?$JVector@H@junk@@QEAA@PEAVAllocator@@@Z 0000000140002300 f i win32_main.obj
 0001:00001350       ??0AABBox@@QEAA@AEBU0@@Z   0000000140002350 f i win32_main.obj
 0001:000013a0       ??0AABBox@@QEAA@AEBUVec3@@0@Z 00000001400023a0 f i win32_main.obj
 0001:000013f0       ??0AABBox@@QEAA@MMMMMM@Z   00000001400023f0 f i win32_main.obj
 0001:00001460       ??0AABBox@@QEAA@XZ         0000000140002460 f i win32_main.obj
 0001:000014a0       ??0Allocator@@QEAA@XZ      00000001400024a0 f i win32_main.obj
 0001:000014c0       ??0Entity@@QEAA@AEBU0@@Z   00000001400024c0 f i win32_main.obj
 0001:00001500       ??0Entity@@QEAA@IAEBUAABBox@@@Z 0000000140002500 f i win32_main.obj
 0001:00001540       ??0MallocAllocator@@QEAA@XZ 0000000140002540 f i win32_main.obj
 0001:00001570       ??0Octree@@QEAA@PEAVAllocator@@UVec3@@UAABBox@@PEAV?$JVector@UEntity@@@junk@@@Z 0000000140002570 f i win32_main.obj
 0001:00001620       ??0Vec3@@QEAA@AEBU0@@Z     0000000140002620 f i win32_main.obj
 0001:00001670       ??0Vec3@@QEAA@MMM@Z        0000000140002670 f i win32_main.obj
 0001:000016c0       ?GetLocaleT@_LocaleUpdate@@QEAAPEAUlocaleinfo_struct@@XZ 00000001400026c0 f i LIBCMTD:dbgheap.obj
 0001:000016c0       ??0Vec3@@QEAA@XZ           00000001400026c0 f i win32_main.obj
 0001:000016d0       ??1?$JVector@UEntity@@@junk@@QEAA@XZ 00000001400026d0 f i win32_main.obj
 0001:00001710       ??1Allocator@@UEAA@XZ      0000000140002710 f i win32_main.obj
 0001:00001730       ??1MallocAllocator@@UEAA@XZ 0000000140002730 f i win32_main.obj
 0001:00001750       ??2Entity@@SAPEAX_KPEAX@Z  0000000140002750 f i win32_main.obj
 0001:00001750       ??2@YAPEAX_KPEAX@Z         0000000140002750 f i win32_main.obj
 0001:00001760       ??A?$JVector@H@junk@@QEAAAEAH_K@Z 0000000140002760 f i win32_main.obj
 0001:00001780       ??A?$JVector@UEntity@@@junk@@QEAAAEAUEntity@@_K@Z 0000000140002780 f i win32_main.obj
 0001:000017a0       ??D@YA?AUVec3@@AEBU0@AEBM@Z 00000001400027a0 f i win32_main.obj
 0001:00001820       ??G@YA?AUVec3@@AEBU0@0@Z   0000000140002820 f i win32_main.obj
 0001:000018a0       ??H@YA?AUVec3@@AEBU0@0@Z   00000001400028a0 f i win32_main.obj
 0001:00001920       ??_GAllocator@@UEAAPEAXI@Z 0000000140002920 f i win32_main.obj
 0001:00001920       ??_EAllocator@@UEAAPEAXI@Z 0000000140002920 f i win32_main.obj
 0001:00001960       ??_GMallocAllocator@@UEAAPEAXI@Z 0000000140002960 f i win32_main.obj
 0001:00001960       ??_EMallocAllocator@@UEAAPEAXI@Z 0000000140002960 f i win32_main.obj
 0001:000019a0       ?allocate@?$JVector@H@junk@@AEAAPEAH_K@Z 00000001400029a0 f i win32_main.obj
 0001:000019d0       ?allocate@?$JVector@UEntity@@@junk@@AEAAPEAUEntity@@_K@Z 00000001400029d0 f i win32_main.obj
 0001:00001a00       ?allocate@MallocAllocator@@UEAAPEAX_K@Z 0000000140002a00 f i win32_main.obj
 0001:00001a40       ?begin@?$JVector@H@junk@@QEBAPEAHXZ 0000000140002a40 f i win32_main.obj
 0001:00001a50       ?constructRange@?$JVector@H@junk@@CAXPEAH0@Z 0000000140002a50 f i win32_main.obj
 0001:00001ac0       ?constructRange@?$JVector@H@junk@@CAXPEAH0AEBH@Z 0000000140002ac0 f i win32_main.obj
 0001:00001b40       ?copyRange@?$JVector@H@junk@@CAXPEAH00@Z 0000000140002b40 f i win32_main.obj
 0001:00001bd0       ?copyRange@?$JVector@UEntity@@@junk@@CAXPEAUEntity@@00@Z 0000000140002bd0 f i win32_main.obj
 0001:00001c50       ?deallocate@MallocAllocator@@UEAAXPEAX@Z 0000000140002c50 f i win32_main.obj
 0001:00001c70       ?deleteRange@?$JVector@H@junk@@CAXPEAH0@Z 0000000140002c70 f i win32_main.obj
 0001:00001ca0       ?deleteRange@?$JVector@UEntity@@@junk@@CAXPEAUEntity@@0@Z 0000000140002ca0 f i win32_main.obj
 0001:00001cd0       ?end@?$JVector@H@junk@@QEBAPEAHXZ 0000000140002cd0 f i win32_main.obj
 0001:00001cf0       ?insertToCollidedChildren@Octree@@AEAAXIH@Z 0000000140002cf0 f i win32_main.obj
 0001:00001da0       ?push_back@?$JVector@H@junk@@QEAAXAEBH@Z 0000000140002da0 f i win32_main.obj
 0001:00001f60       ?push_back@?$JVector@UEntity@@@junk@@QEAAXAEBUEntity@@@Z 0000000140002f60 f i win32_main.obj
 0001:00002110       ?reallocate@?$JVector@H@junk@@AEAAX_K@Z 0000000140003110 f i win32_main.obj
 0001:000021d0       ?resize@?$JVector@H@junk@@QEAAX_K@Z 00000001400031d0 f i win32_main.obj
 0001:00002300       ?resize@?$JVector@H@junk@@QEAAX_KAEBH@Z 0000000140003300 f i win32_main.obj
 0001:000024c0       ?size@?$JVector@UEntity@@@junk@@QEAA_KXZ 00000001400034c0 f i win32_main.obj
 0001:000024c0       ?size@?$JVector@H@junk@@QEAA_KXZ 00000001400034c0 f i win32_main.obj
 0001:000024d0       ??_U@YAPEAX_K@Z            00000001400034d0 f   libcpmtd:newaop.obj
 0001:000024f0       _purecall                  00000001400034f0 f   LIBCMTD:purevirt.obj
 0001:00002540       ??0bad_alloc@std@@QEAA@AEBV01@@Z 0000000140003540 f i LIBCMTD:new.obj
 0001:00002580       ??0bad_alloc@std@@QEAA@XZ  0000000140003580 f i LIBCMTD:new.obj
 0001:000025d0       ??1bad_alloc@std@@UEAA@XZ  00000001400035d0 f i LIBCMTD:new.obj
 0001:00002600       ??2@YAPEAX_K@Z             0000000140003600 f   LIBCMTD:new.obj
 0001:00002660       ??_Ebad_alloc@std@@UEAAPEAXI@Z 0000000140003660 f i LIBCMTD:new.obj
 0001:00002660       ??_Gbad_alloc@std@@UEAAPEAXI@Z 0000000140003660 f i LIBCMTD:new.obj
 0001:000026a0       ??3@YAXPEAX@Z              00000001400036a0 f   LIBCMTD:dbgdel.obj
 0001:00002770       __onexitinit               0000000140003770 f   LIBCMTD:onexit.obj
 0001:000027e0       _onexit                    00000001400037e0 f   LIBCMTD:onexit.obj
 0001:000029f0       atexit                     00000001400039f0 f   LIBCMTD:onexit.obj
 0001:00002a30       free                       0000000140003a30 f   LIBCMTD:dbgfree.obj
 0001:00002a50       malloc                     0000000140003a50 f   LIBCMTD:dbgmalloc.obj
 0001:00002a90       _get_printf_count_output   0000000140003a90 f   LIBCMTD:printf.obj
 0001:00002ac0       printf                     0000000140003ac0 f   LIBCMTD:printf.obj
 0001:00002c40       _invoke_watson_if_error    0000000140003c40 f i LIBCMTD:wassert.obj
 0001:00002c90       _wassert                   0000000140003c90 f   LIBCMTD:wassert.obj
 0001:00003b70       __GSHandlerCheck           0000000140004b70 f   LIBCMTD:gshandler.obj
 0001:00003bb0       __GSHandlerCheckCommon     0000000140004bb0 f   LIBCMTD:gshandler.obj
 0001:00003cc0       __security_check_cookie    0000000140004cc0 f   LIBCMTD:amdsecgs.obj
 0001:00003ce0       _fpmath                    0000000140004ce0 f   LIBCMTD:fpinit.obj
 0001:00003d00       _cfltcvt_init              0000000140004d00 f   LIBCMTD:fpinit.obj
 0001:00003e10       WinMainCRTStartup          0000000140004e10 f   LIBCMTD:wincrt0.obj
 0001:00004060       _FF_MSGBANNER              0000000140005060 f   LIBCMTD:crt0msg.obj
 0001:000040b0       _GET_RTERRMSG              00000001400050b0 f   LIBCMTD:crt0msg.obj
 0001:00004110       _NMSG_WRITE                0000000140005110 f   LIBCMTD:crt0msg.obj
 0001:00004540       _set_abort_behavior        0000000140005540 f   LIBCMTD:abort.obj
 0001:00004580       abort                      0000000140005580 f   LIBCMTD:abort.obj
 0001:00004610       _initp_misc_purevirt       0000000140005610 f   LIBCMTD:inithelp.obj
 0001:00004630       ??0exception@std@@QEAA@AEBQEBD@Z 0000000140005630 f   LIBCMTD:stdexcpt.obj
 0001:00004680       ??0exception@std@@QEAA@AEBQEBDH@Z 0000000140005680 f   LIBCMTD:stdexcpt.obj
 0001:000046c0       ??0exception@std@@QEAA@AEBV01@@Z 00000001400056c0 f   LIBCMTD:stdexcpt.obj
 0001:00004710       ??1exception@std@@UEAA@XZ  0000000140005710 f   LIBCMTD:stdexcpt.obj
 0001:00004740       ??4exception@std@@QEAAAEAV01@AEBV01@@Z 0000000140005740 f   LIBCMTD:stdexcpt.obj
 0001:000047b0       ??_Gexception@std@@UEAAPEAXI@Z 00000001400057b0 f i LIBCMTD:stdexcpt.obj
 0001:000047b0       ??_Eexception@std@@UEAAPEAXI@Z 00000001400057b0 f i LIBCMTD:stdexcpt.obj
 0001:000047f0       ?_Copy_str@exception@std@@AEAAXPEBD@Z 00000001400057f0 f   LIBCMTD:stdexcpt.obj
 0001:00004860       ?_Tidy@exception@std@@AEAAXXZ 0000000140005860 f   LIBCMTD:stdexcpt.obj
 0001:000048a0       ?what@exception@std@@UEBAPEBDXZ 00000001400058a0 f   LIBCMTD:stdexcpt.obj
 0001:000048e0       _callnewh                  00000001400058e0 f   LIBCMTD:handler.obj
 0001:00004920       _initp_heap_handler        0000000140005920 f   LIBCMTD:handler.obj
 0001:00004940       _CxxThrowException         0000000140005940 f   LIBCMTD:throw.obj
 0001:00004a60       ??1type_info@@UEAA@XZ      0000000140005a60 f   LIBCMTD:typinfo.obj
 0001:00004a90       ??8type_info@@QEBA_NAEBV0@@Z 0000000140005a90 f   LIBCMTD:typinfo.obj
 0001:00004ae0       ??_Etype_info@@UEAAPEAXI@Z 0000000140005ae0 f i LIBCMTD:typinfo.obj
 0001:00004ae0       ??_Gtype_info@@UEAAPEAXI@Z 0000000140005ae0 f i LIBCMTD:typinfo.obj
 0001:00004b20       _lock                      0000000140005b20 f   LIBCMTD:mlock.obj
 0001:00004b80       _mtdeletelocks             0000000140005b80 f   LIBCMTD:mlock.obj
 0001:00004ca0       _mtinitlocknum             0000000140005ca0 f   LIBCMTD:mlock.obj
 0001:00004da0       _mtinitlocks               0000000140005da0 f   LIBCMTD:mlock.obj
 0001:00004e40       _unlock                    0000000140005e40 f   LIBCMTD:mlock.obj
 0001:00004e70       _CrtDbgReportW             0000000140005e70 f   LIBCMTD:dbgrptw.obj
 0001:00004ef0       _CrtDbgReportWV            0000000140005ef0 f i LIBCMTD:dbgrptw.obj
 0001:00004f50       __crtMessageWindowW        0000000140005f50 f   LIBCMTD:dbgrptw.obj
 0001:000055d0       _invoke_watson_if_oneof    00000001400065d0 f i LIBCMTD:dbgrptw.obj
 0001:00005640       ??0_LocaleUpdate@@QEAA@PEAUlocaleinfo_struct@@@Z 0000000140006640 f i LIBCMTD:dbgheap.obj
 0001:00005780       ??1_LocaleUpdate@@QEAA@XZ  0000000140006780 f i LIBCMTD:dbgheap.obj
 0001:00005cf0       _CrtCheckMemory            0000000140006cf0 f   LIBCMTD:dbgheap.obj
 0001:00006290       _CrtDumpMemoryLeaks        0000000140007290 f   LIBCMTD:dbgheap.obj
 0001:00006350       _CrtGetCheckCount          0000000140007350 f   LIBCMTD:dbgheap.obj
 0001:00006360       _CrtIsValidHeapPointer     0000000140007360 f   LIBCMTD:dbgheap.obj
 0001:000063c0       _CrtIsValidPointer         00000001400073c0 f   LIBCMTD:dbgheap.obj
 0001:00006400       _CrtMemCheckpoint          0000000140007400 f   LIBCMTD:dbgheap.obj
 0001:00006690       _CrtMemDumpAllObjectsSince 0000000140007690 f   LIBCMTD:dbgheap.obj
 0001:000066e0       _CrtSetCheckCount          00000001400076e0 f   LIBCMTD:dbgheap.obj
 0001:00006700       _CrtSetDbgFlag             0000000140007700 f   LIBCMTD:dbgheap.obj
 0001:00006840       _calloc_dbg                0000000140007840 f   LIBCMTD:dbgheap.obj
 0001:000068c0       _calloc_dbg_impl           00000001400078c0 f   LIBCMTD:dbgheap.obj
 0001:00006970       _free_dbg                  0000000140007970 f   LIBCMTD:dbgheap.obj
 0001:000069b0       _free_dbg_nolock           00000001400079b0 f   LIBCMTD:dbgheap.obj
 0001:00007540       _malloc_dbg                0000000140008540 f   LIBCMTD:dbgheap.obj
 0001:00007590       _msize_dbg                 0000000140008590 f   LIBCMTD:dbgheap.obj
 0001:000077e0       _nh_malloc_dbg             00000001400087e0 f   LIBCMTD:dbgheap.obj
 0001:00007b70       _realloc_dbg               0000000140008b70 f   LIBCMTD:dbgheap.obj
 0001:000084e0       __C_specific_handler       00000001400094e0 f   LIBCMTD:chandler.obj
 0001:00008900       __crtCorExitProcess        0000000140009900 f   LIBCMTD:crt0dat.obj
 0001:00008950       __crtExitProcess           0000000140009950 f   LIBCMTD:crt0dat.obj
 0001:00008970       __freeCrtMemory            0000000140009970 f   LIBCMTD:crt0dat.obj
 0001:00008ba0       _amsg_exit                 0000000140009ba0 f   LIBCMTD:crt0dat.obj
 0001:00008bd0       _c_exit                    0000000140009bd0 f   LIBCMTD:crt0dat.obj
 0001:00008bf0       _cexit                     0000000140009bf0 f   LIBCMTD:crt0dat.obj
 0001:00008c10       _cinit                     0000000140009c10 f   LIBCMTD:crt0dat.obj
 0001:00008cc0       _exit                      0000000140009cc0 f   LIBCMTD:crt0dat.obj
 0001:00008ce0       _init_pointers             0000000140009ce0 f   LIBCMTD:crt0dat.obj
 0001:00008d90       _initterm_e                0000000140009d90 f   LIBCMTD:crt0dat.obj
 0001:00008df0       _lockexit                  0000000140009df0 f   LIBCMTD:crt0dat.obj
 0001:00008e10       _unlockexit                0000000140009e10 f   LIBCMTD:crt0dat.obj
 0001:00009040       exit                       000000014000a040 f   LIBCMTD:crt0dat.obj
 0001:00009060       _call_reportfault          000000014000a060 f   LIBCMTD:invarg.obj
 0001:00009190       _initp_misc_invarg         000000014000a190 f   LIBCMTD:invarg.obj
 0001:000091b0       _invalid_parameter         000000014000a1b0 f   LIBCMTD:invarg.obj
 0001:00009240       _invoke_watson             000000014000a240 f   LIBCMTD:invarg.obj
 0001:000092a0       __initstdio                000000014000a2a0 f   LIBCMTD:_file.obj
 0001:000093a0       __endstdio                 000000014000a3a0 f   LIBCMTD:_file.obj
 0001:000093e0       __iob_func                 000000014000a3e0 f   LIBCMTD:_file.obj
 0001:000093f0       _lock_file                 000000014000a3f0 f   LIBCMTD:_file.obj
 0001:00009480       _lock_file2                000000014000a480 f   LIBCMTD:_file.obj
 0001:000094d0       _unlock_file               000000014000a4d0 f   LIBCMTD:_file.obj
 0001:00009560       _unlock_file2              000000014000a560 f   LIBCMTD:_file.obj
 0001:000095b0       _ftbuf                     000000014000a5b0 f   LIBCMTD:_sftbuf.obj
 0001:00009670       _stbuf                     000000014000a670 f   LIBCMTD:_sftbuf.obj
 0001:00009850       _output_l                  000000014000a850 f   LIBCMTD:output.obj
 0001:0000b050       get_int64_arg              000000014000c050 f i LIBCMTD:output.obj
 0001:0000b0c0       get_int_arg                000000014000c0c0 f i LIBCMTD:output.obj
 0001:0000b120       get_short_arg              000000014000c120 f i LIBCMTD:output.obj
 0001:0000b280       __doserrno                 000000014000c280 f   LIBCMTD:dosmap.obj
 0001:0000b2b0       _dosmaperr                 000000014000c2b0 f   LIBCMTD:dosmap.obj
 0001:0000b2e0       _errno                     000000014000c2e0 f   LIBCMTD:dosmap.obj
 0001:0000b310       _get_errno_from_oserr      000000014000c310 f   LIBCMTD:dosmap.obj
 0001:0000b3a0       __raise_securityfailure    000000014000c3a0 f   LIBCMTD:gs_report.obj
 0001:0000b3f0       __report_gsfailure         000000014000c3f0 f   LIBCMTD:gs_report.obj
 0001:0000b4d0       __report_rangecheckfailure 000000014000c4d0 f   LIBCMTD:gs_report.obj
 0001:0000b4f0       __report_securityfailure   000000014000c4f0 f   LIBCMTD:gs_report.obj
 0001:0000b590       memcpy_s                   000000014000c590 f   LIBCMTD:memcpy_s.obj
 0001:0000b800       wcscat_s                   000000014000c800 f   LIBCMTD:wcscat_s.obj
 0001:0000be30       wcscpy_s                   000000014000ce30 f   LIBCMTD:wcscpy_s.obj
 0001:0000c2e0       wcslen                     000000014000d2e0 f   LIBCMTD:wcslen.obj
 0001:0000c330       wcsncat_s                  000000014000d330 f   LIBCMTD:wcsncat_s.obj
 0001:0000cac0       __set_app_type             000000014000dac0 f   LIBCMTD:errmode.obj
 0001:0000cad0       _set_error_mode            000000014000dad0 f   LIBCMTD:errmode.obj
 0001:0000cbe0       _itow_s                    000000014000dbe0 f   LIBCMTD:xtows.obj
 0001:0000d230       _fflush_nolock             000000014000e230 f   LIBCMTD:fflush.obj
 0001:0000d2b0       _flush                     000000014000e2b0 f   LIBCMTD:fflush.obj
 0001:0000d3a0       _flushall                  000000014000e3a0 f   LIBCMTD:fflush.obj
 0001:0000d3c0       fflush                     000000014000e3c0 f   LIBCMTD:fflush.obj
 0001:0000d580       setvbuf                    000000014000e580 f   LIBCMTD:setvbuf.obj
 0001:0000d930       fwprintf                   000000014000e930 f   LIBCMTD:fwprintf.obj
 0001:0000db10       _vsnwprintf_s              000000014000eb10 f   LIBCMTD:vswprnc.obj
 0001:0000db60       _vsnwprintf_s_l            000000014000eb60 f   LIBCMTD:vswprnc.obj
 0001:0000e110       _vswprintf_c_l             000000014000f110 f   LIBCMTD:vswprnc.obj
 0001:0000e180       _vswprintf_helper          000000014000f180 f   LIBCMTD:vswprnc.obj
 0001:0000e4d0       __get_sigabrt              000000014000f4d0 f   LIBCMTD:winsig.obj
 0001:0000e4f0       _initp_misc_winsig         000000014000f4f0 f   LIBCMTD:winsig.obj
 0001:0000e530       raise                      000000014000f530 f   LIBCMTD:winsig.obj
 0001:0000e9a0       __crtMessageBoxW           000000014000f9a0 f   LIBCMTD:crtmboxw.obj
 0001:0000ee10       __crtMessageBoxWaitThreadW 000000014000fe10 f   LIBCMTD:crtmboxw.obj
 0001:0000ee60       ?strrchr@@YAPEADPEADH@Z    000000014000fe60 f i LIBCMTD:cvt.obj
 0001:0000ee80       _cfltcvt                   000000014000fe80 f   LIBCMTD:cvt.obj
 0001:0000eed0       _cfltcvt_l                 000000014000fed0 f   LIBCMTD:cvt.obj
 0001:0000eff0       _cftoa_l                   000000014000fff0 f   LIBCMTD:cvt.obj
 0001:0000faf0       _cftoe                     0000000140010af0 f   LIBCMTD:cvt.obj
 0001:00010110       _cftoe_l                   0000000140011110 f   LIBCMTD:cvt.obj
 0001:00010810       _cftof_l                   0000000140011810 f   LIBCMTD:cvt.obj
 0001:00010af0       _cftog_l                   0000000140011af0 f   LIBCMTD:cvt.obj
 0001:00010eb0       _cropzeros                 0000000140011eb0 f   LIBCMTD:cvt.obj
 0001:00010ed0       _cropzeros_l               0000000140011ed0 f   LIBCMTD:cvt.obj
 0001:00011050       _fassign                   0000000140012050 f   LIBCMTD:cvt.obj
 0001:00011080       _fassign_l                 0000000140012080 f   LIBCMTD:cvt.obj
 0001:000110f0       _forcdecpt                 00000001400120f0 f   LIBCMTD:cvt.obj
 0001:00011110       _forcdecpt_l               0000000140012110 f   LIBCMTD:cvt.obj
 0001:00011210       _positive                  0000000140012210 f   LIBCMTD:cvt.obj
 0001:000112a0       _initp_misc_cfltcvt_tab    00000001400122a0 f   LIBCMTD:cmiscdat.obj
 0001:000112f0       ?__CxxUnhandledExceptionFilter@@YAJPEAU_EXCEPTION_POINTERS@@@Z 00000001400122f0 f   LIBCMTD:unhandld.obj
 0001:00011370       __CxxSetUnhandledExceptionFilter 0000000140012370 f   LIBCMTD:unhandld.obj
 0001:00011390       _XcptFilter                0000000140012390 f   LIBCMTD:winxfltr.obj
 0001:000116c0       _freefls                   00000001400126c0 f   LIBCMTD:tidtable.obj
 0001:000118d0       _getptd                    00000001400128d0 f   LIBCMTD:tidtable.obj
 0001:00011900       _getptd_noexit             0000000140012900 f   LIBCMTD:tidtable.obj
 0001:000119d0       _initptd                   00000001400129d0 f   LIBCMTD:tidtable.obj
 0001:00011b00       _mtinit                    0000000140012b00 f   LIBCMTD:tidtable.obj
 0001:00011bc0       _mtterm                    0000000140012bc0 f   LIBCMTD:tidtable.obj
 0001:00011bf0       _heap_init                 0000000140012bf0 f   LIBCMTD:heapinit.obj
 0001:00011c20       _ioinit                    0000000140012c20 f   LIBCMTD:ioinit.obj
 0001:00012200       _set_pgmptr                0000000140013200 f i LIBCMTD:stdargv.obj
 0001:00012220       _setargv                   0000000140013220 f   LIBCMTD:stdargv.obj
 0001:00012880       _setenvp                   0000000140013880 f   LIBCMTD:stdenvp.obj
 0001:00012a90       __security_init_cookie     0000000140013a90 f   LIBCMTD:gs_support.obj
 0001:00012bb0       _RTC_Initialize            0000000140013bb0 f   LIBCMTD:initsect.obj
 0001:00012bf0       _RTC_Terminate             0000000140013bf0 f   LIBCMTD:initsect.obj
 0001:00012c30       __crtGetEnvironmentStringsA 0000000140013c30 f   LIBCMTD:a_env.obj
 0001:00012e10       __crtCaptureCurrentContext 0000000140013e10 f   LIBCMTD:winapisupp.obj
 0001:00012eb0       __crtCapturePreviousContext 0000000140013eb0 f   LIBCMTD:winapisupp.obj
 0001:00012f70       __crtFlsAlloc              0000000140013f70 f   LIBCMTD:winapisupp.obj
 0001:00012fc0       __crtFlsFree               0000000140013fc0 f   LIBCMTD:winapisupp.obj
 0001:00013010       __crtFlsGetValue           0000000140014010 f   LIBCMTD:winapisupp.obj
 0001:00013060       __crtFlsSetValue           0000000140014060 f   LIBCMTD:winapisupp.obj
 0001:000130c0       __crtGetShowWindowMode     00000001400140c0 f   LIBCMTD:winapisupp.obj
 0001:00013100       __crtInitializeCriticalSectionEx 0000000140014100 f   LIBCMTD:winapisupp.obj
 0001:00013170       __crtIsPackagedApp         0000000140014170 f   LIBCMTD:winapisupp.obj
 0001:000131b0       __crtLoadWinApiPointers    00000001400141b0 f   LIBCMTD:winapisupp.obj
 0001:000137a0       __crtSetUnhandledExceptionFilter 00000001400147a0 f   LIBCMTD:winapisupp.obj
 0001:000137c0       __crtTerminateProcess      00000001400147c0 f   LIBCMTD:winapisupp.obj
 0001:000137e0       __crtUnhandledException    00000001400147e0 f   LIBCMTD:winapisupp.obj
 0001:00013810       _wincmdln                  0000000140014810 f   LIBCMTD:wincmdln.obj
 0001:00013930       strlen                     0000000140014930 f   LIBCMTD:strlen.obj
 0001:000139e0       wcsncpy_s                  00000001400149e0 f   LIBCMTD:wcsncpy_s.obj
 0001:00014080       _MallocaIsSizeInRange      0000000140015080 f i LIBCMTD:a_loc.obj
 0001:000140c0       _MarkAllocaS               00000001400150c0 f i LIBCMTD:a_loc.obj
 0001:000140f0       _freea                     00000001400150f0 f i LIBCMTD:a_loc.obj
 0001:00014180       GetTableIndexFromLocaleName 0000000140015180 f   LIBCMTD:winapinls.obj
 0001:00014230       __crtDownlevelLocaleNameToLCID 0000000140015230 f   LIBCMTD:winapinls.obj
 0001:00014290       __crtLCMapStringEx         0000000140015290 f   LIBCMTD:winapinls.obj
 0001:00014370       __wcsnicmp_ascii           0000000140015370 f   LIBCMTD:winapinls.obj
 0001:00014480       strcpy_s                   0000000140015480 f   LIBCMTD:strcpy_s.obj
 0001:00014930       strcmp                     0000000140015930 f   LIBCMTD:strcmp.obj
 0001:000149a0       ?_Type_info_dtor@type_info@@CAXPEAV1@@Z 00000001400159a0 f   LIBCMTD:typname.obj
 0001:00014ab0       _snwprintf_s               0000000140015ab0 f   LIBCMTD:swprintf.obj
 0001:00014b10       _CrtDbgBreak               0000000140015b10 f   LIBCMTD:dbgrptt.obj
 0001:00014b20       _VCrtDbgReportA            0000000140015b20 f   LIBCMTD:dbgrptt.obj
 0001:000154f0       _VCrtDbgReportW            00000001400164f0 f   LIBCMTD:dbgrptt.obj
 0001:00016040       __chkstk                   0000000140017040 f   LIBCMTD:chkstk.obj
 0001:00016040       _alloca_probe              0000000140017040 f   LIBCMTD:chkstk.obj
 0001:00016090       __addlocaleref             0000000140017090 f   LIBCMTD:localref.obj
 0001:000161e0       __freetlocinfo             00000001400171e0 f   LIBCMTD:localref.obj
 0001:00016590       __removelocaleref          0000000140017590 f   LIBCMTD:localref.obj
 0001:000166f0       __updatetlocinfo           00000001400176f0 f   LIBCMTD:localref.obj
 0001:00016790       _updatetlocinfoEx_nolock   0000000140017790 f   LIBCMTD:localref.obj
 0001:00016830       __initmbctable             0000000140017830 f   LIBCMTD:mbctype.obj
 0001:00016ec0       __updatetmbcinfo           0000000140017ec0 f   LIBCMTD:mbctype.obj
 0001:00016fd0       _setmbcp                   0000000140017fd0 f   LIBCMTD:mbctype.obj
 0001:000172c0       _setmbcp_nolock            00000001400182c0 f   LIBCMTD:mbctype.obj
 0001:00017710       _chvalidator               0000000140018710 f   LIBCMTD:isctype.obj
 0001:00017780       _chvalidator_l             0000000140018780 f   LIBCMTD:isctype.obj
 0001:00017890       _isctype_l                 0000000140018890 f   LIBCMTD:isctype.obj
 0001:00017a80       memmove                    0000000140018a80 f   LIBCMTD:memcpy.obj
 0001:00017a80       memcpy                     0000000140018a80 f   LIBCMTD:memcpy.obj
 0001:00018000       memset                     0000000140019000 f   LIBCMTD:memset.obj
 0001:00018230       _free_base                 0000000140019230 f   LIBCMTD:free.obj
 0001:00018290       _realloc_base              0000000140019290 f   LIBCMTD:realloc.obj
 0001:000183b0       _expand_base               00000001400193b0 f   LIBCMTD:expand.obj
 0001:00018590       _CrtDbgReport              0000000140019590 f   LIBCMTD:dbgrpt.obj
 0001:00018610       _CrtDbgReportV             0000000140019610 f i LIBCMTD:dbgrpt.obj
 0001:00018670       __crtMessageWindowA        0000000140019670 f   LIBCMTD:dbgrpt.obj
 0001:00018cf0       _heapchk                   0000000140019cf0 f   LIBCMTD:heapchk.obj
 0001:00018d30       _snprintf_s                0000000140019d30 f   LIBCMTD:sprintf.obj
 0001:00018d90       sprintf_s                  0000000140019d90 f   LIBCMTD:sprintf.obj
 0001:00018de0       _heap_alloc_base           0000000140019de0 f i LIBCMTD:malloc.obj
 0001:00018e50       _malloc_base               0000000140019e50 f   LIBCMTD:malloc.obj
 0001:00018ef0       _CrtDefaultAllocHook       0000000140019ef0 f   LIBCMTD:dbghook.obj
 0001:00018f10       __crt_debugger_hook        0000000140019f10 f   LIBCMTD:dbghook.obj
 0001:00018f30       _local_unwind              0000000140019f30 f   LIBCMTD:jmpuwind.obj
 0001:00018f60       _NLG_Notify                0000000140019f60 f   LIBCMTD:jmpuwind.obj
 0001:00018f80       __NLG_Dispatch2            0000000140019f80 f   LIBCMTD:jmpuwind.obj
 0001:00018f90       __NLG_Return2              0000000140019f90 f   LIBCMTD:jmpuwind.obj
 0001:00018fa0       _FindPESection             0000000140019fa0 f   LIBCMTD:pesect.obj
 0001:00019050       _IsNonwritableInCurrentImage 000000014001a050 f   LIBCMTD:pesect.obj
 0001:000190e0       _ValidateImageBase         000000014001a0e0 f   LIBCMTD:pesect.obj
 0001:00019160       ?_inconsistency@@YAXXZ     000000014001a160 f   LIBCMTD:hooks.obj
 0001:00019190       ?terminate@@YAXXZ          000000014001a190 f   LIBCMTD:hooks.obj
 0001:000191c0       _initp_eh_hooks            000000014001a1c0 f   LIBCMTD:hooks.obj
 0001:000191f0       _initp_misc_rand_s         000000014001a1f0 f   LIBCMTD:rand_s.obj
 0001:00019220       _get_fpsr                  000000014001a220 f   LIBCMTD:fpsr.obj
 0001:00019230       _set_fpsr                  000000014001a230 f   LIBCMTD:fpsr.obj
 0001:0001923a       _fclrf                     000000014001a23a f   LIBCMTD:fpsr.obj
 0001:0001924e       _frnd                      000000014001a24e f   LIBCMTD:fpsr.obj
 0001:00019270       _fcloseall                 000000014001a270 f   LIBCMTD:closeall.obj
 0001:00019370       _output_s_l                000000014001a370 f   LIBCMTD:outputs.obj
 0001:0001ae60       _fileno                    000000014001be60 f   LIBCMTD:fileno.obj
 0001:0001af20       _isatty                    000000014001bf20 f   LIBCMTD:isatty.obj
 0001:0001b030       _isleadbyte_l              000000014001c030 f i LIBCMTD:_wctype.obj
 0001:0001b090       isleadbyte                 000000014001c090 f i LIBCMTD:_wctype.obj
 0001:0001b0b0       _flsbuf                    000000014001c0b0 f   LIBCMTD:_flsbuf.obj
 0001:0001b450       _wctomb_s_l                000000014001c450 f   LIBCMTD:wctomb.obj
 0001:0001b8f0       wctomb_s                   000000014001c8f0 f   LIBCMTD:wctomb.obj
 0001:0001b940       _commit                    000000014001c940 f   LIBCMTD:commit.obj
 0001:0001bbd0       _write                     000000014001cbd0 f   LIBCMTD:write.obj
 0001:0001be70       _write_nolock              000000014001ce70 f   LIBCMTD:write.obj
 0001:0001cfb0       _freebuf                   000000014001dfb0 f   LIBCMTD:_freebuf.obj
 0001:0001d070       _woutput_l                 000000014001e070 f   LIBCMTD:woutput.obj
 0001:0001e6c0       _woutput_s_l               000000014001f6c0 f   LIBCMTD:woutputs.obj
 0001:0001fed0       _isdigit_l                 0000000140020ed0 f i LIBCMTD:_ctype.obj
 0001:0001ff70       isdigit                    0000000140020f70 f i LIBCMTD:_ctype.obj
 0001:0001ffb0       _tolower_l                 0000000140020fb0 f   LIBCMTD:tolower.obj
 0001:00020310       tolower                    0000000140021310 f   LIBCMTD:tolower.obj
 0001:00020360       strrchr                    0000000140021360 f   LIBCMTD:strrchr.obj
 0001:00020780       _fptostr                   0000000140021780 f   LIBCMTD:_fptostr.obj
 0001:00020be0       __crt_atoflt_l             0000000140021be0 f   LIBCMTD:atodbl.obj
 0001:00020d80       _atodbl_l                  0000000140021d80 f   LIBCMTD:atodbl.obj
 0001:00020f00       _atoflt_l                  0000000140021f00 f   LIBCMTD:atodbl.obj
 0001:00020f30       __dtold                    0000000140021f30 f   LIBCMTD:cfout.obj
 0001:000210e0       _fltout2                   00000001400220e0 f   LIBCMTD:cfout.obj
 0001:000211f0       _fptrap                    00000001400221f0 f   LIBCMTD:crt0fp.obj
 0001:000212e0       _ismbblead                 00000001400222e0 f   LIBCMTD:ismbbyte.obj
 0001:00021310       strcat_s                   0000000140022310 f   LIBCMTD:strcat_s.obj
 0001:00021920       _itoa_s                    0000000140022920 f   LIBCMTD:xtoas.obj
 0001:00021f50       _mbstowcs_l_helper         0000000140022f50 f   LIBCMTD:mbstowcs.obj
 0001:000224c0       _mbstowcs_s_l              00000001400234c0 f   LIBCMTD:mbstowcs.obj
 0001:00022a50       mbstowcs_s                 0000000140023a50 f   LIBCMTD:mbstowcs.obj
 0001:00022b30       _wcstombs_l_helper         0000000140023b30 f   LIBCMTD:wcstombs.obj
 0001:00023340       _wcstombs_s_l              0000000140024340 f   LIBCMTD:wcstombs.obj
 0001:00023840       wcstombs_s                 0000000140024840 f   LIBCMTD:wcstombs.obj
 0001:00023890       _vsnprintf_helper          0000000140024890 f   LIBCMTD:vsnprnc.obj
 0001:00023b70       _vsnprintf_s               0000000140024b70 f   LIBCMTD:vsnprnc.obj
 0001:00023bc0       _vsnprintf_s_l             0000000140024bc0 f   LIBCMTD:vsnprnc.obj
 0001:00024160       _vsprintf_s_l              0000000140025160 f   LIBCMTD:vsnprnc.obj
 0001:000244f0       __GSHandlerCheck_SEH       00000001400254f0 f   LIBCMTD:gshandlerseh.obj
 0001:000245b0       __free_lconv_mon           00000001400255b0 f   LIBCMTD:initmon.obj
 0001:000247c0       __free_lconv_num           00000001400257c0 f   LIBCMTD:initnum.obj
 0001:000248a0       __free_lc_time             00000001400258a0 f   LIBCMTD:inittime.obj
 0001:000257e0       __crtLCMapStringA          00000001400267e0 f   LIBCMTD:a_map.obj
 0001:00025a50       __crtGetStringTypeA        0000000140026a50 f   LIBCMTD:a_str.obj
 0001:00025b70       ?_GetEstablisherFrame@@YAPEA_KPEA_KPEAU_xDISPATCHER_CONTEXT@@PEBU_s_FuncInfo@@0@Z 0000000140026b70 f   LIBCMTD:trnsctrl.obj
 0001:00025ce0       ?_GetRangeOfTrysToCheck@@YAPEBU_s_TryBlockMapEntry@@PEA_KPEBU_s_FuncInfo@@HHPEAI2PEAU_xDISPATCHER_CONTEXT@@@Z 0000000140026ce0 f   LIBCMTD:trnsctrl.obj
 0001:00025f00       ?__FrameUnwindToEmptyState@@YAXPEA_KPEAU_xDISPATCHER_CONTEXT@@PEBU_s_FuncInfo@@@Z 0000000140026f00 f   LIBCMTD:trnsctrl.obj
 0001:00025fa0       ?__SehTransFilter@@YAHPEAU_EXCEPTION_POINTERS@@PEAUEHExceptionRecord@@PEA_KPEAU_CONTEXT@@PEAU_xDISPATCHER_CONTEXT@@PEBU_s_FuncInfo@@PEAH@Z 0000000140026fa0 f   LIBCMTD:trnsctrl.obj
 0001:00026060       _CallSETranslator          0000000140027060 f   LIBCMTD:trnsctrl.obj
 0001:000260e0       _CreateFrameInfo           00000001400270e0 f   LIBCMTD:trnsctrl.obj
 0001:00026160       _FindAndUnlinkFrame        0000000140027160 f   LIBCMTD:trnsctrl.obj
 0001:000261f0       _GetImageBase              00000001400271f0 f   LIBCMTD:trnsctrl.obj
 0001:00026210       _GetThrowImageBase         0000000140027210 f   LIBCMTD:trnsctrl.obj
 0001:00026230       _IsExceptionObjectToBeDestroyed 0000000140027230 f   LIBCMTD:trnsctrl.obj
 0001:00026290       _SetImageBase              0000000140027290 f   LIBCMTD:trnsctrl.obj
 0001:000262b0       _SetThrowImageBase         00000001400272b0 f   LIBCMTD:trnsctrl.obj
 0001:000262d0       _UnwindNestedFrames        00000001400272d0 f   LIBCMTD:trnsctrl.obj
 0001:00026440       __CxxFrameHandler3         0000000140027440 f   LIBCMTD:trnsctrl.obj
 0001:00026500       _locterm                   0000000140027500 f   LIBCMTD:wsetloca.obj
 0001:00026550       __isa_available_init       0000000140027550 f   LIBCMTD:cpu_disp.obj
 0001:00026890       _fclose_nolock             0000000140027890 f   LIBCMTD:fclose.obj
 0001:000269e0       fclose                     00000001400279e0 f   LIBCMTD:fclose.obj
 0001:00026ae0       _lseeki64                  0000000140027ae0 f   LIBCMTD:lseeki64.obj
 0001:00026d90       _lseeki64_nolock           0000000140027d90 f   LIBCMTD:lseeki64.obj
 0001:00026eb0       _getbuf                    0000000140027eb0 f   LIBCMTD:_getbuf.obj
 0001:00026fc0       __lock_fhandle             0000000140027fc0 f   LIBCMTD:osfinfo.obj
 0001:00027090       _free_osfhnd               0000000140028090 f   LIBCMTD:osfinfo.obj
 0001:000271c0       _get_osfhandle             00000001400281c0 f   LIBCMTD:osfinfo.obj
 0001:000273c0       _unlock_fhandle            00000001400283c0 f   LIBCMTD:osfinfo.obj
 0001:00027400       _mbtowc_l                  0000000140028400 f   LIBCMTD:mbtowc.obj
 0001:00027740       mbtowc                     0000000140028740 f   LIBCMTD:mbtowc.obj
 0001:00027770       _putwch_nolock             0000000140028770 f   LIBCMTD:putwch.obj
 0001:000277e0       _fputwc_nolock             00000001400287e0 f   LIBCMTD:fputwc.obj
 0001:00027c40       _CopyMan                   0000000140028c40 f i LIBCMTD:intrncvt.obj
 0001:00027cb0       _FillZeroMan               0000000140028cb0 f i LIBCMTD:intrncvt.obj
 0001:00027cf0       _IncMan                    0000000140028cf0 f i LIBCMTD:intrncvt.obj
 0001:00027dd0       _IsZeroMan                 0000000140028dd0 f i LIBCMTD:intrncvt.obj
 0001:00027e10       _RoundMan                  0000000140028e10 f i LIBCMTD:intrncvt.obj
 0001:00027f20       _ShrMan                    0000000140028f20 f i LIBCMTD:intrncvt.obj
 0001:00028060       _ZeroTail                  0000000140029060 f i LIBCMTD:intrncvt.obj
 0001:00028110       __addl                     0000000140029110 f i LIBCMTD:intrncvt.obj
 0001:00028170       _ld12cvt                   0000000140029170 f i LIBCMTD:intrncvt.obj
 0001:000284e0       _ld12tod                   00000001400294e0 f   LIBCMTD:intrncvt.obj
 0001:00028510       _ld12tof                   0000000140029510 f   LIBCMTD:intrncvt.obj
 0001:00028540       __ld12mul                  0000000140029540 f i LIBCMTD:strgtold.obj
 0001:00028ab0       __multtenpow12             0000000140029ab0 f i LIBCMTD:strgtold.obj
 0001:00028be0       __shl_12                   0000000140029be0 f i LIBCMTD:strgtold.obj
 0001:00028c80       __shr_12                   0000000140029c80 f i LIBCMTD:strgtold.obj
 0001:00028d20       __strgtold12_l             0000000140029d20 f   LIBCMTD:strgtold.obj
 0001:00029b00       $I10_OUTPUT                000000014002ab00 f   LIBCMTD:x10fout.obj
 0001:0002a3c0       __add_12                   000000014002b3c0 f i LIBCMTD:x10fout.obj
 0001:0002a4a0       __DestructExceptionObject  000000014002b4a0 f   LIBCMTD:frame.obj
 0001:0002a590       ??0bad_exception@std@@QEAA@AEBV01@@Z 000000014002b590 f i LIBCMTD:frame.obj
 0001:0002a5d0       ??0bad_exception@std@@QEAA@PEBD@Z 000000014002b5d0 f i LIBCMTD:frame.obj
 0001:0002a610       ??1bad_exception@std@@UEAA@XZ 000000014002b610 f i LIBCMTD:frame.obj
 0001:0002a640       ??_Gbad_exception@std@@UEAAPEAXI@Z 000000014002b640 f i LIBCMTD:frame.obj
 0001:0002a640       ??_Ebad_exception@std@@UEAAPEAXI@Z 000000014002b640 f i LIBCMTD:frame.obj
 0001:0002b610       __AdjustPointer            000000014002c610 f   LIBCMTD:frame.obj
 0001:0002b690       __BuildCatchObject         000000014002c690 f   LIBCMTD:frame.obj
 0001:0002b7d0       __BuildCatchObjectHelper   000000014002c7d0 f   LIBCMTD:frame.obj
 0001:0002bc00       __CxxCallCatchBlock        000000014002cc00 f   LIBCMTD:frame.obj
 0001:0002be70       __FrameUnwindFilter        000000014002ce70 f   LIBCMTD:frame.obj
 0001:0002bf00       __FrameUnwindToState       000000014002cf00 f   LIBCMTD:frame.obj
 0001:0002c160       __InternalCxxFrameHandler  000000014002d160 f   LIBCMTD:frame.obj
 0001:0002c580       __TypeMatch                000000014002d580 f   LIBCMTD:frame.obj
 0001:0002c770       ?__GetCurrentState@@YAHPEA_KPEAU_xDISPATCHER_CONTEXT@@PEBU_s_FuncInfo@@@Z 000000014002d770 f   LIBCMTD:ehstate.obj
 0001:0002c7d0       ?__GetUnwindTryBlock@@YAHPEA_KPEAU_xDISPATCHER_CONTEXT@@PEBU_s_FuncInfo@@@Z 000000014002d7d0 f   LIBCMTD:ehstate.obj
 0001:0002c820       ?__SetState@@YAXPEA_KPEAU_xDISPATCHER_CONTEXT@@PEBU_s_FuncInfo@@H@Z 000000014002d820 f   LIBCMTD:ehstate.obj
 0001:0002c850       ?__SetUnwindTryBlock@@YAXPEA_KPEAU_xDISPATCHER_CONTEXT@@PEBU_s_FuncInfo@@H@Z 000000014002d850 f   LIBCMTD:ehstate.obj
 0001:0002c8c0       ?__StateFromControlPc@@YAHPEBU_s_FuncInfo@@PEAU_xDISPATCHER_CONTEXT@@@Z 000000014002d8c0 f   LIBCMTD:ehstate.obj
 0001:0002c8f0       ?__StateFromIp@@YAHPEBU_s_FuncInfo@@PEAU_xDISPATCHER_CONTEXT@@_J@Z 000000014002d8f0 f   LIBCMTD:ehstate.obj
 0001:0002c9e0       memcmp                     000000014002d9e0 f   LIBCMTD:memcmp.obj
 0001:0002cab0       _close                     000000014002dab0 f   LIBCMTD:close.obj
 0001:0002cd30       _close_nolock              000000014002dd30 f   LIBCMTD:close.obj
 0001:0002ce40       __termconout               000000014002de40 f   LIBCMTD:initcon.obj
 0001:0002ce70       __initconout               000000014002de70 f   LIBCMTD:initcon.obj
 0001:0002cec0       _flswbuf                   000000014002dec0 f   LIBCMTD:_flswbuf.obj
 0001:0002d270       __mtold12                  000000014002e270 f   LIBCMTD:mantold.obj
 0001:0002d400       ?_ValidateExecute@@YAHP6A_JXZ@Z 000000014002e400 f   LIBCMTD:validate.obj
 0001:0002d430       ?_ValidateWrite@@YAHPEAXI@Z 000000014002e430 f   LIBCMTD:validate.obj
 0001:0002d430       ?_ValidateRead@@YAHPEBXI@Z 000000014002e430 f   LIBCMTD:validate.obj
 0001:0002d470       _CallSettingFrame          000000014002e470 f   LIBCMTD:handlers.obj
 0001:0002d4b0       _GetNextInstrOffset        000000014002e4b0 f   LIBCMTD:handlers.obj
 0001:0002d4c0       IsProcessorFeaturePresent  000000014002e4c0 f   kernel32:KERNEL32.dll
 0001:0002d4c6       RtlUnwindEx                000000014002e4c6 f   kernel32:KERNEL32.dll
 0002:00000000       __imp_GetSystemTimeAsFileTime 000000014002f000     kernel32:KERNEL32.dll
 0002:00000008       __imp_CreateFileW          000000014002f008     kernel32:KERNEL32.dll
 0002:00000010       __imp_CloseHandle          000000014002f010     kernel32:KERNEL32.dll
 0002:00000018       __imp_SetStdHandle         000000014002f018     kernel32:KERNEL32.dll
 0002:00000020       __imp_SetFilePointerEx     000000014002f020     kernel32:KERNEL32.dll
 0002:00000028       __imp_GetStringTypeW       000000014002f028     kernel32:KERNEL32.dll
 0002:00000030       __imp_GetConsoleMode       000000014002f030     kernel32:KERNEL32.dll
 0002:00000038       __imp_EncodePointer        000000014002f038     kernel32:KERNEL32.dll
 0002:00000040       __imp_DecodePointer        000000014002f040     kernel32:KERNEL32.dll
 0002:00000048       __imp_GetStdHandle         000000014002f048     kernel32:KERNEL32.dll
 0002:00000050       __imp_GetFileType          000000014002f050     kernel32:KERNEL32.dll
 0002:00000058       __imp_GetModuleFileNameW   000000014002f058     kernel32:KERNEL32.dll
 0002:00000060       __imp_GetModuleHandleExW   000000014002f060     kernel32:KERNEL32.dll
 0002:00000068       __imp_WriteConsoleW        000000014002f068     kernel32:KERNEL32.dll
 0002:00000070       __imp_GetCommandLineA      000000014002f070     kernel32:KERNEL32.dll
 0002:00000078       __imp_WriteFile            000000014002f078     kernel32:KERNEL32.dll
 0002:00000080       __imp_IsProcessorFeaturePresent 000000014002f080     kernel32:KERNEL32.dll
 0002:00000088       __imp_GetLastError         000000014002f088     kernel32:KERNEL32.dll
 0002:00000090       __imp_RtlPcToFileHeader    000000014002f090     kernel32:KERNEL32.dll
 0002:00000098       __imp_RaiseException       000000014002f098     kernel32:KERNEL32.dll
 0002:000000a0       __imp_EnterCriticalSection 000000014002f0a0     kernel32:KERNEL32.dll
 0002:000000a8       __imp_LeaveCriticalSection 000000014002f0a8     kernel32:KERNEL32.dll
 0002:000000b0       __imp_DeleteCriticalSection 000000014002f0b0     kernel32:KERNEL32.dll
 0002:000000b8       __imp_HeapSize             000000014002f0b8     kernel32:KERNEL32.dll
 0002:000000c0       __imp_HeapValidate         000000014002f0c0     kernel32:KERNEL32.dll
 0002:000000c8       __imp_GetSystemInfo        000000014002f0c8     kernel32:KERNEL32.dll
 0002:000000d0       __imp_RtlUnwindEx          000000014002f0d0     kernel32:KERNEL32.dll
 0002:000000d8       __imp_ExitProcess          000000014002f0d8     kernel32:KERNEL32.dll
 0002:000000e0       __imp_GetProcAddress       000000014002f0e0     kernel32:KERNEL32.dll
 0002:000000e8       __imp_MultiByteToWideChar  000000014002f0e8     kernel32:KERNEL32.dll
 0002:000000f0       __imp_WideCharToMultiByte  000000014002f0f0     kernel32:KERNEL32.dll
 0002:000000f8       __imp_IsDebuggerPresent    000000014002f0f8     kernel32:KERNEL32.dll
 0002:00000100       __imp_OutputDebugStringW   000000014002f100     kernel32:KERNEL32.dll
 0002:00000108       __imp_WaitForSingleObjectEx 000000014002f108     kernel32:KERNEL32.dll
 0002:00000110       __imp_CreateThread         000000014002f110     kernel32:KERNEL32.dll
 0002:00000118       __imp_LoadLibraryExW       000000014002f118     kernel32:KERNEL32.dll
 0002:00000120       __imp_SetLastError         000000014002f120     kernel32:KERNEL32.dll
 0002:00000128       __imp_GetCurrentThreadId   000000014002f128     kernel32:KERNEL32.dll
 0002:00000130       __imp_GetProcessHeap       000000014002f130     kernel32:KERNEL32.dll
 0002:00000138       __imp_GetStartupInfoW      000000014002f138     kernel32:KERNEL32.dll
 0002:00000140       __imp_GetModuleFileNameA   000000014002f140     kernel32:KERNEL32.dll
 0002:00000148       __imp_QueryPerformanceCounter 000000014002f148     kernel32:KERNEL32.dll
 0002:00000150       __imp_GetCurrentProcessId  000000014002f150     kernel32:KERNEL32.dll
 0002:00000158       __imp_GetEnvironmentStringsW 000000014002f158     kernel32:KERNEL32.dll
 0002:00000160       __imp_FreeEnvironmentStringsW 000000014002f160     kernel32:KERNEL32.dll
 0002:00000168       __imp_RtlCaptureContext    000000014002f168     kernel32:KERNEL32.dll
 0002:00000170       __imp_RtlLookupFunctionEntry 000000014002f170     kernel32:KERNEL32.dll
 0002:00000178       __imp_RtlVirtualUnwind     000000014002f178     kernel32:KERNEL32.dll
 0002:00000180       __imp_UnhandledExceptionFilter 000000014002f180     kernel32:KERNEL32.dll
 0002:00000188       __imp_SetUnhandledExceptionFilter 000000014002f188     kernel32:KERNEL32.dll
 0002:00000190       __imp_InitializeCriticalSectionAndSpinCount 000000014002f190     kernel32:KERNEL32.dll
 0002:00000198       __imp_GetCurrentProcess    000000014002f198     kernel32:KERNEL32.dll
 0002:000001a0       __imp_TerminateProcess     000000014002f1a0     kernel32:KERNEL32.dll
 0002:000001a8       __imp_TlsAlloc             000000014002f1a8     kernel32:KERNEL32.dll
 0002:000001b0       __imp_TlsGetValue          000000014002f1b0     kernel32:KERNEL32.dll
 0002:000001b8       __imp_TlsSetValue          000000014002f1b8     kernel32:KERNEL32.dll
 0002:000001c0       __imp_TlsFree              000000014002f1c0     kernel32:KERNEL32.dll
 0002:000001c8       __imp_GetModuleHandleW     000000014002f1c8     kernel32:KERNEL32.dll
 0002:000001d0       __imp_LCMapStringW         000000014002f1d0     kernel32:KERNEL32.dll
 0002:000001d8       __imp_OutputDebugStringA   000000014002f1d8     kernel32:KERNEL32.dll
 0002:000001e0       __imp_IsValidCodePage      000000014002f1e0     kernel32:KERNEL32.dll
 0002:000001e8       __imp_GetACP               000000014002f1e8     kernel32:KERNEL32.dll
 0002:000001f0       __imp_GetOEMCP             000000014002f1f0     kernel32:KERNEL32.dll
 0002:000001f8       __imp_GetCPInfo            000000014002f1f8     kernel32:KERNEL32.dll
 0002:00000200       __imp_HeapFree             000000014002f200     kernel32:KERNEL32.dll
 0002:00000208       __imp_HeapReAlloc          000000014002f208     kernel32:KERNEL32.dll
 0002:00000210       __imp_HeapQueryInformation 000000014002f210     kernel32:KERNEL32.dll
 0002:00000218       __imp_HeapAlloc            000000014002f218     kernel32:KERNEL32.dll
 0002:00000220       __imp_FlushFileBuffers     000000014002f220     kernel32:KERNEL32.dll
 0002:00000228       __imp_GetConsoleCP         000000014002f228     kernel32:KERNEL32.dll
 0002:00000230       \177KERNEL32_NULL_THUNK_DATA 000000014002f230     kernel32:KERNEL32.dll
 0002:00000238       __imp_CreateWindowExA      000000014002f238     user32:USER32.dll
 0002:00000240       __imp_RegisterClassA       000000014002f240     user32:USER32.dll
 0002:00000248       __imp_DefWindowProcA       000000014002f248     user32:USER32.dll
 0002:00000250       __imp_PeekMessageA         000000014002f250     user32:USER32.dll
 0002:00000258       __imp_DispatchMessageA     000000014002f258     user32:USER32.dll
 0002:00000260       __imp_TranslateMessage     000000014002f260     user32:USER32.dll
 0002:00000268       \177USER32_NULL_THUNK_DATA 000000014002f268     user32:USER32.dll
 0002:00000270       __xc_a                     000000014002f270     LIBCMTD:crt0init.obj
 0002:00000298       __xc_z                     000000014002f298     LIBCMTD:crt0init.obj
 0002:000002a0       __xi_a                     000000014002f2a0     LIBCMTD:crt0init.obj
 0002:000002d0       __xi_z                     000000014002f2d0     LIBCMTD:crt0init.obj
 0002:000002d8       __xp_a                     000000014002f2d8     LIBCMTD:crt0init.obj
 0002:000002f8       __xp_z                     000000014002f2f8     LIBCMTD:crt0init.obj
 0002:00000300       __xt_a                     000000014002f300     LIBCMTD:crt0init.obj
 0002:00000308       __xt_z                     000000014002f308     LIBCMTD:crt0init.obj
 0002:00000368       ??_7Allocator@@6B@         000000014002f368     win32_main.obj
 0002:00000380       ??_7MallocAllocator@@6B@   000000014002f380     win32_main.obj
 0002:000003a0       ??_C@_1GA@MONMEFPF@?$AAc?$AA?3?$AA?2?$AAd?$AAe?$AAv?$AAe?$AAl?$AAo?$AAp?$AAm?$AAe?$AAn?$AAt?$AA?2?$AAj?$AAu?$AAn?$AAk?$AAe?$AA?2?$AAj?$AAu?$AAn?$AAk?$AA?2?$AAs?$AAr?$AAc?$AA?2?$AAm?$AAa@ 000000014002f3a0     win32_main.obj
 0002:00000400       ??_C@_19GIOODLBE@?$AAs?$AAi?$AAz?$AAe?$AA?$AA@ 000000014002f400     win32_main.obj
 0002:0000040c       __real@3c23d70a            000000014002f40c     win32_main.obj
 0002:00000410       __real@3d4ccccd            000000014002f410     win32_main.obj
 0002:00000414       __real@3f000000            000000014002f414     win32_main.obj
 0002:00000418       __real@40000000            000000014002f418     win32_main.obj
 0002:0000041c       __real@40400000            000000014002f41c     win32_main.obj
 0002:00000420       __real@40800000            000000014002f420     win32_main.obj
 0002:00000424       __real@40a00000            000000014002f424     win32_main.obj
 0002:00000428       __real@bf000000            000000014002f428     win32_main.obj
 0002:00000438       ??_7bad_alloc@std@@6B@     000000014002f438     LIBCMTD:new.obj
 0002:00000448       ??_C@_0P@GHFPNOJB@bad?5allocation?$AA@ 000000014002f448     LIBCMTD:new.obj
 0002:00000460       ??_C@_1EO@LHDAJOCM@?$AA_?$AAB?$AAL?$AAO?$AAC?$AAK?$AA_?$AAT?$AAY?$AAP?$AAE?$AA_?$AAI?$AAS?$AA_?$AAV?$AAA?$AAL?$AAI?$AAD?$AA?$CI?$AAp?$AAH?$AAe?$AAa?$AAd?$AA?9?$AA?$DO?$AAn?$AAB?$AAl?$AAo@ 000000014002f460     LIBCMTD:dbgdel.obj
 0002:000004b0       ??_C@_15GANGMFKL@?$AA?$CF?$AAs?$AA?$AA@ 000000014002f4b0     LIBCMTD:dbgdel.obj
 0002:000004c0       ??_C@_1FC@BHNGAOAE@?$AAf?$AA?3?$AA?2?$AAd?$AAd?$AA?2?$AAv?$AAc?$AAt?$AAo?$AAo?$AAl?$AAs?$AA?2?$AAc?$AAr?$AAt?$AA?2?$AAc?$AAr?$AAt?$AAw?$AA3?$AA2?$AA?2?$AAm?$AAi?$AAs?$AAc?$AA?2?$AAd?$AAb@ 000000014002f4c0     LIBCMTD:dbgdel.obj
 0002:00000518       ??_C@_0CH@JPGODKFM@f?3?2dd?2vctools?2crt?2crtw32?2misc?2on@ 000000014002f518     LIBCMTD:onexit.obj
 0002:00000540       ??_C@_06MEIMCGCF@_hypot?$AA@ 000000014002f540     LIBCMTD:hypot.obj
 0002:00000548       ??_C@_1CC@MGIEJOME@?$AA?$CI?$AAf?$AAo?$AAr?$AAm?$AAa?$AAt?$AA?5?$AA?$CB?$AA?$DN?$AA?5?$AAN?$AAU?$AAL?$AAL?$AA?$CJ?$AA?$AA@ 000000014002f548     LIBCMTD:printf.obj
 0002:00000570       ??_C@_1FA@GMJBBNDK@?$AAf?$AA?3?$AA?2?$AAd?$AAd?$AA?2?$AAv?$AAc?$AAt?$AAo?$AAo?$AAl?$AAs?$AA?2?$AAc?$AAr?$AAt?$AA?2?$AAc?$AAr?$AAt?$AAw?$AA3?$AA2?$AA?2?$AAs?$AAt?$AAd?$AAi?$AAo?$AA?2?$AAp@ 000000014002f570     LIBCMTD:printf.obj
 0002:000005c0       ??_C@_1O@GKDHFACN@?$AAp?$AAr?$AAi?$AAn?$AAt?$AAf?$AA?$AA@ 000000014002f5c0     LIBCMTD:printf.obj
 0002:000005d0       ??_C@_17LGKOMLJ@?$AA?4?$AA?4?$AA?4?$AA?$AA@ 000000014002f5d0     LIBCMTD:wassert.obj
 0002:000005d8       ??_C@_13LBAGMAIH@?$AA?6?$AA?$AA@ 000000014002f5d8     LIBCMTD:wassert.obj
 0002:000005dc       ??_C@_15IABLJNFO@?$AA?6?$AA?6?$AA?$AA@ 000000014002f5dc     LIBCMTD:wassert.obj
 0002:000005f0       ??_C@_1EO@DPPHNOPL@?$AAf?$AA?3?$AA?2?$AAd?$AAd?$AA?2?$AAv?$AAc?$AAt?$AAo?$AAo?$AAl?$AAs?$AA?2?$AAc?$AAr?$AAt?$AA?2?$AAc?$AAr?$AAt?$AAw?$AA3?$AA2?$AA?2?$AAm?$AAi?$AAs?$AAc?$AA?2?$AAa?$AAs@ 000000014002f5f0     LIBCMTD:wassert.obj
 0002:00000640       ??_C@_1BC@LNOOMFNA@?$AA_?$AAw?$AAa?$AAs?$AAs?$AAe?$AAr?$AAt?$AA?$AA@ 000000014002f640     LIBCMTD:wassert.obj
 0002:00000660       ??_C@_1GM@PANFFKAD@?$AAw?$AAc?$AAs?$AAc?$AAp?$AAy?$AA_?$AAs?$AA?$CI?$AA?5?$AAa?$AAs?$AAs?$AAe?$AAr?$AAt?$AAb?$AAu?$AAf?$AA?0?$AA?5?$AA?$CI?$AA6?$AA4?$AA?5?$AA?$CK?$AA?5?$AA9?$AA?$CJ?$AA?0?$AA?5?$AAL@ 000000014002f660     LIBCMTD:wassert.obj
 0002:000006d0       ??_C@_1CE@OJBNHDMO@?$AAA?$AAs?$AAs?$AAe?$AAr?$AAt?$AAi?$AAo?$AAn?$AA?5?$AAf?$AAa?$AAi?$AAl?$AAe?$AAd?$AA?$CB?$AA?$AA@ 000000014002f6d0     LIBCMTD:wassert.obj
 0002:00000700       ??_C@_1FI@OJONHFCN@?$AAw?$AAc?$AAs?$AAc?$AAa?$AAt?$AA_?$AAs?$AA?$CI?$AA?5?$AAa?$AAs?$AAs?$AAe?$AAr?$AAt?$AAb?$AAu?$AAf?$AA?0?$AA?5?$AA?$CI?$AA6?$AA4?$AA?5?$AA?$CK?$AA?5?$AA9?$AA?$CJ?$AA?0?$AA?5?$AAd@ 000000014002f700     LIBCMTD:wassert.obj
 0002:00000760       ??_C@_1FM@JONFCKBO@?$AAw?$AAc?$AAs?$AAc?$AAa?$AAt?$AA_?$AAs?$AA?$CI?$AA?5?$AAa?$AAs?$AAs?$AAe?$AAr?$AAt?$AAb?$AAu?$AAf?$AA?0?$AA?5?$AA?$CI?$AA6?$AA4?$AA?5?$AA?$CK?$AA?5?$AA9?$AA?$CJ?$AA?0?$AA?5?$AAL@ 000000014002f760     LIBCMTD:wassert.obj
 0002:000007c0       ??_C@_1BE@PHKBBGE@?$AAP?$AAr?$AAo?$AAg?$AAr?$AAa?$AAm?$AA?3?$AA?5?$AA?$AA@ 000000014002f7c0     LIBCMTD:wassert.obj
 0002:000007e0       ??_C@_1HA@EPFCONEE@?$AAw?$AAc?$AAs?$AAc?$AAp?$AAy?$AA_?$AAs?$AA?$CI?$AA?5?$AAp?$AAr?$AAo?$AAg?$AAn?$AAa?$AAm?$AAe?$AA?0?$AA?5?$AA2?$AA6?$AA0?$AA?5?$AA?$CL?$AA?5?$AA1?$AA?0?$AA?5?$AAL?$AA?$CC?$AA?$DM@ 000000014002f7e0     LIBCMTD:wassert.obj
 0002:00000850       ??_C@_1CO@EAEJAADC@?$AA?$DM?$AAp?$AAr?$AAo?$AAg?$AAr?$AAa?$AAm?$AA?5?$AAn?$AAa?$AAm?$AAe?$AA?5?$AAu?$AAn?$AAk?$AAn?$AAo?$AAw?$AAn?$AA?$DO?$AA?$AA@ 000000014002f850     LIBCMTD:wassert.obj
 0002:00000880       ??_C@_1LK@LGFOFOMH@?$AAm?$AAe?$AAm?$AAc?$AAp?$AAy?$AA_?$AAs?$AA?$CI?$AAp?$AAc?$AAh?$AA?0?$AA?5?$AAs?$AAi?$AAz?$AAe?$AAo?$AAf?$AA?$CI?$AAT?$AAC?$AAH?$AAA?$AAR?$AA?$CJ?$AA?5?$AA?$CK?$AA?5?$AA?$CI?$AA?$CI@ 000000014002f880     LIBCMTD:wassert.obj
 0002:00000940       ??_C@_1EK@BFAHOLDO@?$AAw?$AAc?$AAs?$AAc?$AAa?$AAt?$AA_?$AAs?$AA?$CI?$AA?5?$AAa?$AAs?$AAs?$AAe?$AAr?$AAt?$AAb?$AAu?$AAf?$AA?0?$AA?5?$AA?$CI?$AA6?$AA4?$AA?5?$AA?$CK?$AA?5?$AA9?$AA?$CJ?$AA?0?$AA?5?$AAp@ 000000014002f940     LIBCMTD:wassert.obj
 0002:00000990       ??_C@_1FC@GNPGDADJ@?$AAw?$AAc?$AAs?$AAc?$AAa?$AAt?$AA_?$AAs?$AA?$CI?$AA?5?$AAa?$AAs?$AAs?$AAe?$AAr?$AAt?$AAb?$AAu?$AAf?$AA?0?$AA?5?$AA?$CI?$AA6?$AA4?$AA?5?$AA?$CK?$AA?5?$AA9?$AA?$CJ?$AA?0?$AA?5?$AAn@ 000000014002f990     LIBCMTD:wassert.obj
 0002:000009f0       ??_C@_1FG@NHACFNEK@?$AAw?$AAc?$AAs?$AAc?$AAa?$AAt?$AA_?$AAs?$AA?$CI?$AA?5?$AAa?$AAs?$AAs?$AAe?$AAr?$AAt?$AAb?$AAu?$AAf?$AA?0?$AA?5?$AA?$CI?$AA6?$AA4?$AA?5?$AA?$CK?$AA?5?$AA9?$AA?$CJ?$AA?0?$AA?5?$AAL@ 000000014002f9f0     LIBCMTD:wassert.obj
 0002:00000a48       ??_C@_1O@HEMHKNDC@?$AAF?$AAi?$AAl?$AAe?$AA?3?$AA?5?$AA?$AA@ 000000014002fa48     LIBCMTD:wassert.obj
 0002:00000a60       ??_C@_1GG@PKOIFPHI@?$AAw?$AAc?$AAs?$AAn?$AAc?$AAa?$AAt?$AA_?$AAs?$AA?$CI?$AA?5?$AAa?$AAs?$AAs?$AAe?$AAr?$AAt?$AAb?$AAu?$AAf?$AA?0?$AA?5?$AA?$CI?$AA6?$AA4?$AA?5?$AA?$CK?$AA?5?$AA9?$AA?$CJ?$AA?0?$AA?5@ 000000014002fa60     LIBCMTD:wassert.obj
 0002:00000ad0       ??_C@_1FG@PLMFGJFG@?$AAw?$AAc?$AAs?$AAc?$AAa?$AAt?$AA_?$AAs?$AA?$CI?$AA?5?$AAa?$AAs?$AAs?$AAe?$AAr?$AAt?$AAb?$AAu?$AAf?$AA?0?$AA?5?$AA?$CI?$AA6?$AA4?$AA?5?$AA?$CK?$AA?5?$AA9?$AA?$CJ?$AA?0?$AA?5?$AAd@ 000000014002fad0     LIBCMTD:wassert.obj
 0002:00000b30       ??_C@_1FO@HPHMICDB@?$AAw?$AAc?$AAs?$AAc?$AAa?$AAt?$AA_?$AAs?$AA?$CI?$AA?5?$AAa?$AAs?$AAs?$AAe?$AAr?$AAt?$AAb?$AAu?$AAf?$AA?0?$AA?5?$AA?$CI?$AA6?$AA4?$AA?5?$AA?$CK?$AA?5?$AA9?$AA?$CJ?$AA?0?$AA?5?$AAp@ 000000014002fb30     LIBCMTD:wassert.obj
 0002:00000b90       ??_C@_1GO@KNIHEHNA@?$AAw?$AAc?$AAs?$AAn?$AAc?$AAa?$AAt?$AA_?$AAs?$AA?$CI?$AA?5?$AAa?$AAs?$AAs?$AAe?$AAr?$AAt?$AAb?$AAu?$AAf?$AA?0?$AA?5?$AA?$CI?$AA6?$AA4?$AA?5?$AA?$CK?$AA?5?$AA9?$AA?$CJ?$AA?0?$AA?5@ 000000014002fb90     LIBCMTD:wassert.obj
 0002:00000c00       ??_C@_1HG@FHHFPPED@?$AAw?$AAc?$AAs?$AAn?$AAc?$AAa?$AAt?$AA_?$AAs?$AA?$CI?$AA?5?$AAa?$AAs?$AAs?$AAe?$AAr?$AAt?$AAb?$AAu?$AAf?$AA?0?$AA?5?$AA?$CI?$AA6?$AA4?$AA?5?$AA?$CK?$AA?5?$AA9?$AA?$CJ?$AA?0?$AA?5@ 000000014002fc00     LIBCMTD:wassert.obj
 0002:00000c80       ??_C@_1IC@JGCGJJHO@?$AAw?$AAc?$AAs?$AAc?$AAa?$AAt?$AA_?$AAs?$AA?$CI?$AA?5?$AAa?$AAs?$AAs?$AAe?$AAr?$AAt?$AAb?$AAu?$AAf?$AA?0?$AA?5?$AA?$CI?$AA6?$AA4?$AA?5?$AA?$CK?$AA?5?$AA9?$AA?$CJ?$AA?0?$AA?5?$AAp@ 000000014002fc80     LIBCMTD:wassert.obj
 0002:00000d10       ??_C@_1FE@NDOBOCBD@?$AAw?$AAc?$AAs?$AAc?$AAa?$AAt?$AA_?$AAs?$AA?$CI?$AA?5?$AAa?$AAs?$AAs?$AAe?$AAr?$AAt?$AAb?$AAu?$AAf?$AA?0?$AA?5?$AA?$CI?$AA6?$AA4?$AA?5?$AA?$CK?$AA?5?$AA9?$AA?$CJ?$AA?0?$AA?5?$AAf@ 000000014002fd10     LIBCMTD:wassert.obj
 0002:00000d70       ??_C@_1FG@HLHNIBH@?$AAw?$AAc?$AAs?$AAc?$AAa?$AAt?$AA_?$AAs?$AA?$CI?$AA?5?$AAa?$AAs?$AAs?$AAe?$AAr?$AAt?$AAb?$AAu?$AAf?$AA?0?$AA?5?$AA?$CI?$AA6?$AA4?$AA?5?$AA?$CK?$AA?5?$AA9?$AA?$CJ?$AA?0?$AA?5?$AAL@ 000000014002fd70     LIBCMTD:wassert.obj
 0002:00000dc8       ??_C@_1O@KCAFKHJE@?$AAL?$AAi?$AAn?$AAe?$AA?3?$AA?5?$AA?$AA@ 000000014002fdc8     LIBCMTD:wassert.obj
 0002:00000de0       ??_C@_1KG@NJJPHNOK@?$AA_?$AAi?$AAt?$AAo?$AAw?$AA_?$AAs?$AA?$CI?$AA?5?$AAl?$AAi?$AAn?$AAe?$AAn?$AAo?$AA?0?$AA?5?$AAa?$AAs?$AAs?$AAe?$AAr?$AAt?$AAb?$AAu?$AAf?$AA?5?$AA?$CL?$AA?5?$AAw?$AAc?$AAs@ 000000014002fde0     LIBCMTD:wassert.obj
 0002:00000e90       ??_C@_1GC@CFDADAM@?$AAw?$AAc?$AAs?$AAc?$AAa?$AAt?$AA_?$AAs?$AA?$CI?$AA?5?$AAa?$AAs?$AAs?$AAe?$AAr?$AAt?$AAb?$AAu?$AAf?$AA?0?$AA?5?$AA?$CI?$AA6?$AA4?$AA?5?$AA?$CK?$AA?5?$AA9?$AA?$CJ?$AA?0?$AA?5?$AAL@ 000000014002fe90     LIBCMTD:wassert.obj
 0002:00000ef8       ??_C@_1BK@PEDCIPMA@?$AAE?$AAx?$AAp?$AAr?$AAe?$AAs?$AAs?$AAi?$AAo?$AAn?$AA?3?$AA?5?$AA?$AA@ 000000014002fef8     LIBCMTD:wassert.obj
 0002:00000f20       ??_C@_1CHM@HIHGOMKE@?$AAw?$AAc?$AAs?$AAn?$AAc?$AAa?$AAt?$AA_?$AAs?$AA?$CI?$AA?5?$AAa?$AAs?$AAs?$AAe?$AAr?$AAt?$AAb?$AAu?$AAf?$AA?0?$AA?5?$AA?$CI?$AA6?$AA4?$AA?5?$AA?$CK?$AA?5?$AA9?$AA?$CJ?$AA?0?$AA?5@ 000000014002ff20     LIBCMTD:wassert.obj
 0002:000011a0       ??_C@_1EM@DAMJKKKC@?$AAw?$AAc?$AAs?$AAc?$AAa?$AAt?$AA_?$AAs?$AA?$CI?$AA?5?$AAa?$AAs?$AAs?$AAe?$AAr?$AAt?$AAb?$AAu?$AAf?$AA?0?$AA?5?$AA?$CI?$AA6?$AA4?$AA?5?$AA?$CK?$AA?5?$AA9?$AA?$CJ?$AA?0?$AA?5?$AAe@ 00000001400301a0     LIBCMTD:wassert.obj
 0002:000011f0       ??_C@_1BCO@GAGHDLIF@?$AAw?$AAc?$AAs?$AAc?$AAa?$AAt?$AA_?$AAs?$AA?$CI?$AAa?$AAs?$AAs?$AAe?$AAr?$AAt?$AAb?$AAu?$AAf?$AA?0?$AA?5?$AA?$CI?$AA6?$AA4?$AA?5?$AA?$CK?$AA?5?$AA9?$AA?$CJ?$AA?0?$AA?5?$AAL?$AA?$CC@ 00000001400301f0     LIBCMTD:wassert.obj
 0002:00001320       ??_C@_1OA@EGMLFBHJ@?$AAF?$AAo?$AAr?$AA?5?$AAi?$AAn?$AAf?$AAo?$AAr?$AAm?$AAa?$AAt?$AAi?$AAo?$AAn?$AA?5?$AAo?$AAn?$AA?5?$AAh?$AAo?$AAw?$AA?5?$AAy?$AAo?$AAu?$AAr?$AA?5?$AAp?$AAr?$AAo?$AAg@ 0000000140030320     LIBCMTD:wassert.obj
 0002:00001400       ??_C@_1FG@IFIHHMNM@?$AAw?$AAc?$AAs?$AAc?$AAa?$AAt?$AA_?$AAs?$AA?$CI?$AAa?$AAs?$AAs?$AAe?$AAr?$AAt?$AAb?$AAu?$AAf?$AA?0?$AA?5?$AA?$CI?$AA6?$AA4?$AA?5?$AA?$CK?$AA?5?$AA9?$AA?$CJ?$AA?0?$AA?5?$AAd?$AAb@ 0000000140030400     LIBCMTD:wassert.obj
 0002:00001460       ??_C@_1LO@CHAFGADE@?$AAw?$AAc?$AAs?$AAc?$AAa?$AAt?$AA_?$AAs?$AA?$CI?$AAa?$AAs?$AAs?$AAe?$AAr?$AAt?$AAb?$AAu?$AAf?$AA?0?$AA?5?$AA?$CI?$AA6?$AA4?$AA?5?$AA?$CK?$AA?5?$AA9?$AA?$CJ?$AA?0?$AA?5?$AAL?$AA?$CC@ 0000000140030460     LIBCMTD:wassert.obj
 0002:00001520       ??_C@_1HK@POCJMFGK@?$AA?$CI?$AAP?$AAr?$AAe?$AAs?$AAs?$AA?5?$AAR?$AAe?$AAt?$AAr?$AAy?$AA?5?$AAt?$AAo?$AA?5?$AAd?$AAe?$AAb?$AAu?$AAg?$AA?5?$AAt?$AAh?$AAe?$AA?5?$AAa?$AAp?$AAp?$AAl?$AAi?$AAc@ 0000000140030520     LIBCMTD:wassert.obj
 0002:000015a0       ??_C@_1EK@MBDPDCGA@?$AAM?$AAi?$AAc?$AAr?$AAo?$AAs?$AAo?$AAf?$AAt?$AA?5?$AAV?$AAi?$AAs?$AAu?$AAa?$AAl?$AA?5?$AAC?$AA?$CL?$AA?$CL?$AA?5?$AAR?$AAu?$AAn?$AAt?$AAi?$AAm?$AAe?$AA?5?$AAL?$AAi?$AAb@ 00000001400305a0     LIBCMTD:wassert.obj
 0002:000015f0       _FPinit                    00000001400305f0     LIBCMTD:fpinit.obj
 0002:00001770       ??_C@_1FK@PGACCAFB@?$AAR?$AA6?$AA0?$AA0?$AA2?$AA?$AN?$AA?6?$AA?9?$AA?5?$AAf?$AAl?$AAo?$AAa?$AAt?$AAi?$AAn?$AAg?$AA?5?$AAp?$AAo?$AAi?$AAn?$AAt?$AA?5?$AAs?$AAu?$AAp?$AAp?$AAo?$AAr?$AAt?$AA?5@ 0000000140030770     LIBCMTD:crt0msg.obj
 0002:000017d0       ??_C@_1FE@LLNEDJMD@?$AAR?$AA6?$AA0?$AA0?$AA8?$AA?$AN?$AA?6?$AA?9?$AA?5?$AAn?$AAo?$AAt?$AA?5?$AAe?$AAn?$AAo?$AAu?$AAg?$AAh?$AA?5?$AAs?$AAp?$AAa?$AAc?$AAe?$AA?5?$AAf?$AAo?$AAr?$AA?5?$AAa?$AAr@ 00000001400307d0     LIBCMTD:crt0msg.obj
 0002:00001830       ??_C@_1FI@HONFMGBI@?$AAR?$AA6?$AA0?$AA0?$AA9?$AA?$AN?$AA?6?$AA?9?$AA?5?$AAn?$AAo?$AAt?$AA?5?$AAe?$AAn?$AAo?$AAu?$AAg?$AAh?$AA?5?$AAs?$AAp?$AAa?$AAc?$AAe?$AA?5?$AAf?$AAo?$AAr?$AA?5?$AAe?$AAn@ 0000000140030830     LIBCMTD:crt0msg.obj
 0002:00001890       ??_C@_1EG@BEHAGFJD@?$AAR?$AA6?$AA0?$AA1?$AA0?$AA?$AN?$AA?6?$AA?9?$AA?5?$AAa?$AAb?$AAo?$AAr?$AAt?$AA?$CI?$AA?$CJ?$AA?5?$AAh?$AAa?$AAs?$AA?5?$AAb?$AAe?$AAe?$AAn?$AA?5?$AAc?$AAa?$AAl?$AAl?$AAe?$AAd@ 0000000140030890     LIBCMTD:crt0msg.obj
 0002:000018e0       ??_C@_1FI@LOGNIKDM@?$AAR?$AA6?$AA0?$AA1?$AA6?$AA?$AN?$AA?6?$AA?9?$AA?5?$AAn?$AAo?$AAt?$AA?5?$AAe?$AAn?$AAo?$AAu?$AAg?$AAh?$AA?5?$AAs?$AAp?$AAa?$AAc?$AAe?$AA?5?$AAf?$AAo?$AAr?$AA?5?$AAt?$AAh@ 00000001400308e0     LIBCMTD:crt0msg.obj
 0002:00001940       ??_C@_1FK@BEOGODMC@?$AAR?$AA6?$AA0?$AA1?$AA7?$AA?$AN?$AA?6?$AA?9?$AA?5?$AAu?$AAn?$AAe?$AAx?$AAp?$AAe?$AAc?$AAt?$AAe?$AAd?$AA?5?$AAm?$AAu?$AAl?$AAt?$AAi?$AAt?$AAh?$AAr?$AAe?$AAa?$AAd?$AA?5@ 0000000140030940     LIBCMTD:crt0msg.obj
 0002:000019a0       ??_C@_1EC@JIBHAOPH@?$AAR?$AA6?$AA0?$AA1?$AA8?$AA?$AN?$AA?6?$AA?9?$AA?5?$AAu?$AAn?$AAe?$AAx?$AAp?$AAe?$AAc?$AAt?$AAe?$AAd?$AA?5?$AAh?$AAe?$AAa?$AAp?$AA?5?$AAe?$AAr?$AAr?$AAo?$AAr?$AA?$AN?$AA?6@ 00000001400309a0     LIBCMTD:crt0msg.obj
 0002:000019f0       ??_C@_1FC@ECHBIFBC@?$AAR?$AA6?$AA0?$AA1?$AA9?$AA?$AN?$AA?6?$AA?9?$AA?5?$AAu?$AAn?$AAa?$AAb?$AAl?$AAe?$AA?5?$AAt?$AAo?$AA?5?$AAo?$AAp?$AAe?$AAn?$AA?5?$AAc?$AAo?$AAn?$AAs?$AAo?$AAl?$AAe?$AA?5@ 00000001400309f0     LIBCMTD:crt0msg.obj
 0002:00001a50       ??_C@_1GK@FHCKBEFA@?$AAR?$AA6?$AA0?$AA2?$AA4?$AA?$AN?$AA?6?$AA?9?$AA?5?$AAn?$AAo?$AAt?$AA?5?$AAe?$AAn?$AAo?$AAu?$AAg?$AAh?$AA?5?$AAs?$AAp?$AAa?$AAc?$AAe?$AA?5?$AAf?$AAo?$AAr?$AA?5?$AA_?$AAo@ 0000000140030a50     LIBCMTD:crt0msg.obj
 0002:00001ac0       ??_C@_1EM@MAADIHMB@?$AAR?$AA6?$AA0?$AA2?$AA5?$AA?$AN?$AA?6?$AA?9?$AA?5?$AAp?$AAu?$AAr?$AAe?$AA?5?$AAv?$AAi?$AAr?$AAt?$AAu?$AAa?$AAl?$AA?5?$AAf?$AAu?$AAn?$AAc?$AAt?$AAi?$AAo?$AAn?$AA?5?$AAc@ 0000000140030ac0     LIBCMTD:crt0msg.obj
 0002:00001b10       ??_C@_1GK@MCAAGJMO@?$AAR?$AA6?$AA0?$AA2?$AA6?$AA?$AN?$AA?6?$AA?9?$AA?5?$AAn?$AAo?$AAt?$AA?5?$AAe?$AAn?$AAo?$AAu?$AAg?$AAh?$AA?5?$AAs?$AAp?$AAa?$AAc?$AAe?$AA?5?$AAf?$AAo?$AAr?$AA?5?$AAs?$AAt@ 0000000140030b10     LIBCMTD:crt0msg.obj
 0002:00001b80       ??_C@_1GK@MFGOKLAG@?$AAR?$AA6?$AA0?$AA2?$AA7?$AA?$AN?$AA?6?$AA?9?$AA?5?$AAn?$AAo?$AAt?$AA?5?$AAe?$AAn?$AAo?$AAu?$AAg?$AAh?$AA?5?$AAs?$AAp?$AAa?$AAc?$AAe?$AA?5?$AAf?$AAo?$AAr?$AA?5?$AAl?$AAo@ 0000000140030b80     LIBCMTD:crt0msg.obj
 0002:00001bf0       ??_C@_1EK@HHFLMAOL@?$AAR?$AA6?$AA0?$AA2?$AA8?$AA?$AN?$AA?6?$AA?9?$AA?5?$AAu?$AAn?$AAa?$AAb?$AAl?$AAe?$AA?5?$AAt?$AAo?$AA?5?$AAi?$AAn?$AAi?$AAt?$AAi?$AAa?$AAl?$AAi?$AAz?$AAe?$AA?5?$AAh?$AAe@ 0000000140030bf0     LIBCMTD:crt0msg.obj
 0002:00001c40       ??_C@_1DO@BMFCDCD@?$AAR?$AA6?$AA0?$AA3?$AA0?$AA?$AN?$AA?6?$AA?9?$AA?5?$AAC?$AAR?$AAT?$AA?5?$AAn?$AAo?$AAt?$AA?5?$AAi?$AAn?$AAi?$AAt?$AAi?$AAa?$AAl?$AAi?$AAz?$AAe?$AAd?$AA?$AN?$AA?6?$AA?$AA@ 0000000140030c40     LIBCMTD:crt0msg.obj
 0002:00001c80       ??_C@_1MG@ENCOOIDF@?$AAR?$AA6?$AA0?$AA3?$AA1?$AA?$AN?$AA?6?$AA?9?$AA?5?$AAA?$AAt?$AAt?$AAe?$AAm?$AAp?$AAt?$AA?5?$AAt?$AAo?$AA?5?$AAi?$AAn?$AAi?$AAt?$AAi?$AAa?$AAl?$AAi?$AAz?$AAe?$AA?5?$AAt@ 0000000140030c80     LIBCMTD:crt0msg.obj
 0002:00001d50       ??_C@_1GG@GOPILAJP@?$AAR?$AA6?$AA0?$AA3?$AA2?$AA?$AN?$AA?6?$AA?9?$AA?5?$AAn?$AAo?$AAt?$AA?5?$AAe?$AAn?$AAo?$AAu?$AAg?$AAh?$AA?5?$AAs?$AAp?$AAa?$AAc?$AAe?$AA?5?$AAf?$AAo?$AAr?$AA?5?$AAl?$AAo@ 0000000140030d50     LIBCMTD:crt0msg.obj
 0002:00001dc0       ??_C@_1BOO@KGEDBGAJ@?$AAR?$AA6?$AA0?$AA3?$AA3?$AA?$AN?$AA?6?$AA?9?$AA?5?$AAA?$AAt?$AAt?$AAe?$AAm?$AAp?$AAt?$AA?5?$AAt?$AAo?$AA?5?$AAu?$AAs?$AAe?$AA?5?$AAM?$AAS?$AAI?$AAL?$AA?5?$AAc?$AAo?$AAd@ 0000000140030dc0     LIBCMTD:crt0msg.obj
 0002:00001fb0       ??_C@_1GG@MKFPEKFO@?$AAR?$AA6?$AA0?$AA3?$AA4?$AA?$AN?$AA?6?$AA?9?$AA?5?$AAi?$AAn?$AAc?$AAo?$AAn?$AAs?$AAi?$AAs?$AAt?$AAe?$AAn?$AAt?$AA?5?$AAo?$AAn?$AAe?$AAx?$AAi?$AAt?$AA?5?$AAb?$AAe?$AAg@ 0000000140030fb0     LIBCMTD:crt0msg.obj
 0002:00002018       ??_C@_1BO@BFCDCGC@?$AAD?$AAO?$AAM?$AAA?$AAI?$AAN?$AA?5?$AAe?$AAr?$AAr?$AAo?$AAr?$AA?$AN?$AA?6?$AA?$AA@ 0000000140031018     LIBCMTD:crt0msg.obj
 0002:00002038       ??_C@_1BK@KMOMNAAI@?$AAS?$AAI?$AAN?$AAG?$AA?5?$AAe?$AAr?$AAr?$AAo?$AAr?$AA?$AN?$AA?6?$AA?$AA@ 0000000140031038     LIBCMTD:crt0msg.obj
 0002:00002058       ??_C@_1BM@JBBEPPHI@?$AAT?$AAL?$AAO?$AAS?$AAS?$AA?5?$AAe?$AAr?$AAr?$AAo?$AAr?$AA?$AN?$AA?6?$AA?$AA@ 0000000140031058     LIBCMTD:crt0msg.obj
 0002:00002074       ??_C@_15JNBOKNOG@?$AA?$AN?$AA?6?$AA?$AA@ 0000000140031074     LIBCMTD:crt0msg.obj
 0002:00002080       ??_C@_1BO@BKOMIGKJ@?$AAr?$AAu?$AAn?$AAt?$AAi?$AAm?$AAe?$AA?5?$AAe?$AAr?$AAr?$AAo?$AAr?$AA?5?$AA?$AA@ 0000000140031080     LIBCMTD:crt0msg.obj
 0002:000020a0       ??_C@_1FG@ILOHEEMG@?$AAf?$AA?3?$AA?2?$AAd?$AAd?$AA?2?$AAv?$AAc?$AAt?$AAo?$AAo?$AAl?$AAs?$AA?2?$AAc?$AAr?$AAt?$AA?2?$AAc?$AAr?$AAt?$AAw?$AA3?$AA2?$AA?2?$AAs?$AAt?$AAa?$AAr?$AAt?$AAu?$AAp@ 00000001400310a0     LIBCMTD:crt0msg.obj
 0002:000020f8       ??_C@_1BI@EAHMBMEC@?$AA_?$AAN?$AAM?$AAS?$AAG?$AA_?$AAW?$AAR?$AAI?$AAT?$AAE?$AA?$AA@ 00000001400310f8     LIBCMTD:crt0msg.obj
 0002:00002110       ??_C@_1KO@BKLCKNFL@?$AAw?$AAc?$AAs?$AAc?$AAp?$AAy?$AA_?$AAs?$AA?$CI?$AAo?$AAu?$AAt?$AAm?$AAs?$AAg?$AA?0?$AA?5?$AA?$CI?$AAs?$AAi?$AAz?$AAe?$AAo?$AAf?$AA?$CI?$AAo?$AAu?$AAt?$AAm?$AAs?$AAg?$AA?$CJ@ 0000000140031110     LIBCMTD:crt0msg.obj
 0002:000021c0       ??_C@_1DE@JNGNBFGO@?$AAR?$AAu?$AAn?$AAt?$AAi?$AAm?$AAe?$AA?5?$AAE?$AAr?$AAr?$AAo?$AAr?$AA?$CB?$AA?6?$AA?6?$AAP?$AAr?$AAo?$AAg?$AAr?$AAa?$AAm?$AA?3?$AA?5?$AA?$AA@ 00000001400311c0     LIBCMTD:crt0msg.obj
 0002:00002200       ??_C@_1HK@FJJNAABO@?$AAw?$AAc?$AAs?$AAc?$AAp?$AAy?$AA_?$AAs?$AA?$CI?$AAp?$AAr?$AAo?$AAg?$AAn?$AAa?$AAm?$AAe?$AA?0?$AA?5?$AAp?$AAr?$AAo?$AAg?$AAn?$AAa?$AAm?$AAe?$AA_?$AAs?$AAi?$AAz?$AAe@ 0000000140031200     LIBCMTD:crt0msg.obj
 0002:00002280       ??_C@_1HI@FLHKGEBE@?$AAw?$AAc?$AAs?$AAn?$AAc?$AAp?$AAy?$AA_?$AAs?$AA?$CI?$AAp?$AAc?$AAh?$AA?0?$AA?5?$AAp?$AAr?$AAo?$AAg?$AAn?$AAa?$AAm?$AAe?$AA_?$AAs?$AAi?$AAz?$AAe?$AA?5?$AA?9?$AA?5?$AA?$CI@ 0000000140031280     LIBCMTD:crt0msg.obj
 0002:00002300       ??_C@_1IA@DCJGKHFO@?$AAw?$AAc?$AAs?$AAc?$AAa?$AAt?$AA_?$AAs?$AA?$CI?$AAo?$AAu?$AAt?$AAm?$AAs?$AAg?$AA?0?$AA?5?$AA?$CI?$AAs?$AAi?$AAz?$AAe?$AAo?$AAf?$AA?$CI?$AAo?$AAu?$AAt?$AAm?$AAs?$AAg?$AA?$CJ@ 0000000140031300     LIBCMTD:crt0msg.obj
 0002:00002380       ??_C@_1IG@NMONDPP@?$AAw?$AAc?$AAs?$AAc?$AAa?$AAt?$AA_?$AAs?$AA?$CI?$AAo?$AAu?$AAt?$AAm?$AAs?$AAg?$AA?0?$AA?5?$AA?$CI?$AAs?$AAi?$AAz?$AAe?$AAo?$AAf?$AA?$CI?$AAo?$AAu?$AAt?$AAm?$AAs?$AAg?$AA?$CJ@ 0000000140031380     LIBCMTD:crt0msg.obj
 0002:00002410       ??_7exception@std@@6B@     0000000140031410     LIBCMTD:stdexcpt.obj
 0002:00002420       ??_C@_0BC@EOODALEL@Unknown?5exception?$AA@ 0000000140031420     LIBCMTD:stdexcpt.obj
 0002:00002488       ??_7type_info@@6B@         0000000140031488     LIBCMTD:typinfo.obj
 0002:00002490       ??_C@_0CJ@LPLBAFNO@f?3?2dd?2vctools?2crt?2crtw32?2startup@ 0000000140031490     LIBCMTD:mlock.obj
 0002:000024d8       ??_C@_1BA@GLMCNLEM@?$AAW?$AAa?$AAr?$AAn?$AAi?$AAn?$AAg?$AA?$AA@ 00000001400314d8     LIBCMTD:dbgrptw.obj
 0002:000024e8       ??_C@_1M@ILHOPKA@?$AAE?$AAr?$AAr?$AAo?$AAr?$AA?$AA@ 00000001400314e8     LIBCMTD:dbgrptw.obj
 0002:000024f8       ??_C@_1CC@CGHMNGDG@?$AAA?$AAs?$AAs?$AAe?$AAr?$AAt?$AAi?$AAo?$AAn?$AA?5?$AAF?$AAa?$AAi?$AAl?$AAe?$AAd?$AA?$AA@ 00000001400314f8     LIBCMTD:dbgrptw.obj
 0002:00002520       ??_C@_1EO@JACJHHCK@?$AAf?$AA?3?$AA?2?$AAd?$AAd?$AA?2?$AAv?$AAc?$AAt?$AAo?$AAo?$AAl?$AAs?$AA?2?$AAc?$AAr?$AAt?$AA?2?$AAc?$AAr?$AAt?$AAw?$AA3?$AA2?$AA?2?$AAm?$AAi?$AAs?$AAc?$AA?2?$AAd?$AAb@ 0000000140031520     LIBCMTD:dbgrptw.obj
 0002:00002570       ??_C@_1CI@PGJIFDEK@?$AA_?$AA_?$AAc?$AAr?$AAt?$AAM?$AAe?$AAs?$AAs?$AAa?$AAg?$AAe?$AAW?$AAi?$AAn?$AAd?$AAo?$AAw?$AAW?$AA?$AA@ 0000000140031570     LIBCMTD:dbgrptw.obj
 0002:000025a0       ??_C@_1GI@DEDNNLCI@?$AAw?$AAc?$AAs?$AAc?$AAp?$AAy?$AA_?$AAs?$AA?$CI?$AAs?$AAz?$AAE?$AAx?$AAe?$AAN?$AAa?$AAm?$AAe?$AA?0?$AA?5?$AA2?$AA6?$AA0?$AA?0?$AA?5?$AAL?$AA?$CC?$AA?$DM?$AAp?$AAr?$AAo?$AAg@ 00000001400315a0     LIBCMTD:dbgrptw.obj
 0002:00002610       ??_C@_1NO@LECLLHOL@?$AAm?$AAe?$AAm?$AAc?$AAp?$AAy?$AA_?$AAs?$AA?$CI?$AAs?$AAz?$AAS?$AAh?$AAo?$AAr?$AAt?$AAP?$AAr?$AAo?$AAg?$AAN?$AAa?$AAm?$AAe?$AA?0?$AA?5?$AAs?$AAi?$AAz?$AAe?$AAo?$AAf@ 0000000140031610     LIBCMTD:dbgrptw.obj
 0002:000026f0       ??_C@_1OG@PMPPFHAF@?$AA?6?$AA?6?$AAF?$AAo?$AAr?$AA?5?$AAi?$AAn?$AAf?$AAo?$AAr?$AAm?$AAa?$AAt?$AAi?$AAo?$AAn?$AA?5?$AAo?$AAn?$AA?5?$AAh?$AAo?$AAw?$AA?5?$AAy?$AAo?$AAu?$AAr?$AA?5?$AAp?$AAr@ 00000001400316f0     LIBCMTD:dbgrptw.obj
 0002:000027d8       ??_C@_11LOCGONAA@?$AA?$AA@ 00000001400317d8     LIBCMTD:dbgrptw.obj
 0002:000027e0       ??_C@_1BA@GLLGCPCK@?$AA?6?$AAL?$AAi?$AAn?$AAe?$AA?3?$AA?5?$AA?$AA@ 00000001400317e0     LIBCMTD:dbgrptw.obj
 0002:000027f0       ??_C@_1BA@LNHECFIM@?$AA?6?$AAF?$AAi?$AAl?$AAe?$AA?3?$AA?5?$AA?$AA@ 00000001400317f0     LIBCMTD:dbgrptw.obj
 0002:00002800       ??_C@_1BE@CGCJKGHI@?$AA?6?$AAM?$AAo?$AAd?$AAu?$AAl?$AAe?$AA?3?$AA?5?$AA?$AA@ 0000000140031800     LIBCMTD:dbgrptw.obj
 0002:00002820       ??_C@_1KM@HNMIBKJH@?$AAD?$AAe?$AAb?$AAu?$AAg?$AA?5?$AA?$CF?$AAs?$AA?$CB?$AA?6?$AA?6?$AAP?$AAr?$AAo?$AAg?$AAr?$AAa?$AAm?$AA?3?$AA?5?$AA?$CF?$AAs?$AA?$CF?$AAs?$AA?$CF?$AAs?$AA?$CF?$AAs?$AA?$CF?$AAs?$AA?$CF?$AAs@ 0000000140031820     LIBCMTD:dbgrptw.obj
 0002:000028d0       ??_C@_1BI@KALLJECN@?$AA?$CI?$AA?$CK?$AA_?$AAe?$AAr?$AAr?$AAn?$AAo?$AA?$CI?$AA?$CJ?$AA?$CJ?$AA?$AA@ 00000001400318d0     LIBCMTD:dbgrptw.obj
 0002:000028f0       ??_C@_1JI@EACPGHID@?$AAw?$AAc?$AAs?$AAc?$AAp?$AAy?$AA_?$AAs?$AA?$CI?$AAs?$AAz?$AAO?$AAu?$AAt?$AAM?$AAe?$AAs?$AAs?$AAa?$AAg?$AAe?$AA?0?$AA?5?$AA4?$AA0?$AA9?$AA6?$AA?0?$AA?5?$AAL?$AA?$CC?$AA_@ 00000001400318f0     LIBCMTD:dbgrptw.obj
 0002:00002990       ??_C@_1FG@BBOLDHGF@?$AA_?$AAC?$AAr?$AAt?$AAD?$AAb?$AAg?$AAR?$AAe?$AAp?$AAo?$AAr?$AAt?$AA?3?$AA?5?$AAS?$AAt?$AAr?$AAi?$AAn?$AAg?$AA?5?$AAt?$AAo?$AAo?$AA?5?$AAl?$AAo?$AAn?$AAg?$AA?5?$AAo@ 0000000140031990     LIBCMTD:dbgrptw.obj
 0002:00002a10       ??_C@_04HJMOFLDF@Free?$AA@ 0000000140031a10     LIBCMTD:dbgheap.obj
 0002:00002a18       ??_C@_06EFAGIKOH@Normal?$AA@ 0000000140031a18     LIBCMTD:dbgheap.obj
 0002:00002a20       ??_C@_03OGPFLFLO@CRT?$AA@  0000000140031a20     LIBCMTD:dbgheap.obj
 0002:00002a24       ??_C@_06KMEJCCGM@Ignore?$AA@ 0000000140031a24     LIBCMTD:dbgheap.obj
 0002:00002a2c       ??_C@_06PJIGMIJB@Client?$AA@ 0000000140031a2c     LIBCMTD:dbgheap.obj
 0002:00002a38       ??_C@_1CE@LJFEPPMP@?$AA_?$AAC?$AAr?$AAt?$AAC?$AAh?$AAe?$AAc?$AAk?$AAM?$AAe?$AAm?$AAo?$AAr?$AAy?$AA?$CI?$AA?$CJ?$AA?$AA@ 0000000140031a38     LIBCMTD:dbgheap.obj
 0002:00002a60       ??_C@_1FA@JKEKCOIC@?$AAf?$AA?3?$AA?2?$AAd?$AAd?$AA?2?$AAv?$AAc?$AAt?$AAo?$AAo?$AAl?$AAs?$AA?2?$AAc?$AAr?$AAt?$AA?2?$AAc?$AAr?$AAt?$AAw?$AA3?$AA2?$AA?2?$AAm?$AAi?$AAs?$AAc?$AA?2?$AAd?$AAb@ 0000000140031a60     LIBCMTD:dbgheap.obj
 0002:00002ab0       ??_C@_0DF@BBEGIFEK@Client?5hook?5allocation?5failure?5a@ 0000000140031ab0     LIBCMTD:dbgheap.obj
 0002:00002ae8       ??_C@_0CB@CCLOLAHO@Client?5hook?5allocation?5failure?4?6@ 0000000140031ae8     LIBCMTD:dbgheap.obj
 0002:00002b0c       ??_C@_02DKCKIIND@?$CFs?$AA@ 0000000140031b0c     LIBCMTD:dbgheap.obj
 0002:00002b10       ??_C@_0CF@BICKFLAF@Invalid?5allocation?5size?3?5?$CFIu?5byt@ 0000000140031b10     LIBCMTD:dbgheap.obj
 0002:00002b38       ??_C@_0DC@JEMAGEKG@Error?3?5memory?5allocation?3?5bad?5me@ 0000000140031b38     LIBCMTD:dbgheap.obj
 0002:00002b70       ??_C@_0DI@KKJPDPGM@Client?5hook?5re?9allocation?5failur@ 0000000140031b70     LIBCMTD:dbgheap.obj
 0002:00002ba8       ??_C@_0CE@DOFMDOL@Client?5hook?5re?9allocation?5failur@ 0000000140031ba8     LIBCMTD:dbgheap.obj
 0002:00002bd0       ??_C@_0ED@GPCPBAGP@Invalid?5allocation?5size?3?5?$CFIu?5byt@ 0000000140031bd0     LIBCMTD:dbgheap.obj
 0002:00002c20       ??_C@_0FA@EFEIGJKG@Error?3?5memory?5allocation?3?5bad?5me@ 0000000140031c20     LIBCMTD:dbgheap.obj
 0002:00002c70       ??_C@_0EM@LGFLMAGJ@The?5Block?5at?50x?$CFp?5was?5allocated?5@ 0000000140031c70     LIBCMTD:dbgheap.obj
 0002:00002cc0       ??_C@_1EE@GFOPCECE@?$AA_?$AAC?$AAr?$AAt?$AAI?$AAs?$AAV?$AAa?$AAl?$AAi?$AAd?$AAH?$AAe?$AAa?$AAp?$AAP?$AAo?$AAi?$AAn?$AAt?$AAe?$AAr?$AA?$CI?$AAp?$AAU?$AAs?$AAe?$AAr?$AAD?$AAa?$AAt?$AAa@ 0000000140031cc0     LIBCMTD:dbgheap.obj
 0002:00002d10       ??_C@_1IK@DCPKDGNH@?$AAp?$AAO?$AAl?$AAd?$AAB?$AAl?$AAo?$AAc?$AAk?$AA?9?$AA?$DO?$AAn?$AAL?$AAi?$AAn?$AAe?$AA?5?$AA?$DN?$AA?$DN?$AA?5?$AAI?$AAG?$AAN?$AAO?$AAR?$AAE?$AA_?$AAL?$AAI?$AAN?$AAE?$AA?5@ 0000000140031d10     LIBCMTD:dbgheap.obj
 0002:00002da0       ??_C@_0DA@HFBKENN@Error?3?5possible?5heap?5corruption?5@ 0000000140031da0     LIBCMTD:dbgheap.obj
 0002:00002dd0       ??_C@_1GE@PCKLOLAO@?$AAf?$AAR?$AAe?$AAa?$AAl?$AAl?$AAo?$AAc?$AA?5?$AA?$HM?$AA?$HM?$AA?5?$AA?$CI?$AA?$CB?$AAf?$AAR?$AAe?$AAa?$AAl?$AAl?$AAo?$AAc?$AA?5?$AA?$CG?$AA?$CG?$AA?5?$AAp?$AAN?$AAe?$AAw?$AAB?$AAl@ 0000000140031dd0     LIBCMTD:dbgheap.obj
 0002:00002e38       ??_C@_1DC@GEFKNOOL@?$AA_?$AAp?$AAL?$AAa?$AAs?$AAt?$AAB?$AAl?$AAo?$AAc?$AAk?$AA?5?$AA?$DN?$AA?$DN?$AA?5?$AAp?$AAO?$AAl?$AAd?$AAB?$AAl?$AAo?$AAc?$AAk?$AA?$AA@ 0000000140031e38     LIBCMTD:dbgheap.obj
 0002:00002e70       ??_C@_1DE@KOOKLFBB@?$AA_?$AAp?$AAF?$AAi?$AAr?$AAs?$AAt?$AAB?$AAl?$AAo?$AAc?$AAk?$AA?5?$AA?$DN?$AA?$DN?$AA?5?$AAp?$AAO?$AAl?$AAd?$AAB?$AAl?$AAo?$AAc?$AAk?$AA?$AA@ 0000000140031e70     LIBCMTD:dbgheap.obj
 0002:00002ea8       ??_C@_1CE@CJACEFBA@?$AAp?$AAU?$AAs?$AAe?$AAr?$AAD?$AAa?$AAt?$AAa?$AA?5?$AA?$CB?$AA?$DN?$AA?5?$AAN?$AAU?$AAL?$AAL?$AA?$AA@ 0000000140031ea8     LIBCMTD:dbgheap.obj
 0002:00002ed0       ??_C@_0EJ@HEIBCIMJ@The?5Block?5at?50x?$CFp?5was?5allocated?5@ 0000000140031ed0     LIBCMTD:dbgheap.obj
 0002:00002f20       ??_C@_0BL@KEIPLFAC@Client?5hook?5free?5failure?4?6?$AA@ 0000000140031f20     LIBCMTD:dbgheap.obj
 0002:00002f40       ??_C@_0KI@JGFOHMEB@HEAP?5CORRUPTION?5DETECTED?3?5before@ 0000000140031f40     LIBCMTD:dbgheap.obj
 0002:00002ff0       ??_C@_0IK@PJCGLBOB@HEAP?5CORRUPTION?5DETECTED?3?5before@ 0000000140031ff0     LIBCMTD:dbgheap.obj
 0002:00003080       ??_C@_0KE@MBMNHHHN@HEAP?5CORRUPTION?5DETECTED?3?5after?5@ 0000000140032080     LIBCMTD:dbgheap.obj
 0002:00003130       ??_C@_0IG@LEMBDCJK@HEAP?5CORRUPTION?5DETECTED?3?5after?5@ 0000000140032130     LIBCMTD:dbgheap.obj
 0002:000031c0       ??_C@_1HK@HPCBMDFG@?$AAp?$AAH?$AAe?$AAa?$AAd?$AA?9?$AA?$DO?$AAn?$AAL?$AAi?$AAn?$AAe?$AA?5?$AA?$DN?$AA?$DN?$AA?5?$AAI?$AAG?$AAN?$AAO?$AAR?$AAE?$AA_?$AAL?$AAI?$AAN?$AAE?$AA?5?$AA?$CG?$AA?$CG?$AA?5?$AAp@ 00000001400321c0     LIBCMTD:dbgheap.obj
 0002:00003240       ??_C@_1DM@ODCJIDCP@?$AAp?$AAH?$AAe?$AAa?$AAd?$AA?9?$AA?$DO?$AAn?$AAB?$AAl?$AAo?$AAc?$AAk?$AAU?$AAs?$AAe?$AA?5?$AA?$DN?$AA?$DN?$AA?5?$AAn?$AAB?$AAl?$AAo?$AAc?$AAk?$AAU?$AAs?$AAe?$AA?$AA@ 0000000140032240     LIBCMTD:dbgheap.obj
 0002:00003280       ??_C@_1CK@DMAGEMBG@?$AA_?$AAp?$AAL?$AAa?$AAs?$AAt?$AAB?$AAl?$AAo?$AAc?$AAk?$AA?5?$AA?$DN?$AA?$DN?$AA?5?$AAp?$AAH?$AAe?$AAa?$AAd?$AA?$AA@ 0000000140032280     LIBCMTD:dbgheap.obj
 0002:000032b0       ??_C@_1CM@MMAADDMD@?$AA_?$AAp?$AAF?$AAi?$AAr?$AAs?$AAt?$AAB?$AAl?$AAo?$AAc?$AAk?$AA?5?$AA?$DN?$AA?$DN?$AA?5?$AAp?$AAH?$AAe?$AAa?$AAd?$AA?$AA@ 00000001400322b0     LIBCMTD:dbgheap.obj
 0002:000032e0       ??_C@_1BG@MBKOGDLD@?$AA_?$AAm?$AAs?$AAi?$AAz?$AAe?$AA_?$AAd?$AAb?$AAg?$AA?$AA@ 00000001400322e0     LIBCMTD:dbgheap.obj
 0002:000032f8       ??_C@_0CE@MKKHMBMK@_heapchk?5fails?5with?5_HEAPBADBEGI@ 00000001400322f8     LIBCMTD:dbgheap.obj
 0002:00003320       ??_C@_0CD@CPKEAPBD@_heapchk?5fails?5with?5_HEAPBADNODE@ 0000000140032320     LIBCMTD:dbgheap.obj
 0002:00003348       ??_C@_0CC@MJGLGBDG@_heapchk?5fails?5with?5_HEAPBADEND?4@ 0000000140032348     LIBCMTD:dbgheap.obj
 0002:00003370       ??_C@_0CC@MFFCHFHO@_heapchk?5fails?5with?5_HEAPBADPTR?4@ 0000000140032370     LIBCMTD:dbgheap.obj
 0002:00003398       ??_C@_0CL@HNNNMKMJ@_heapchk?5fails?5with?5unknown?5retu@ 0000000140032398     LIBCMTD:dbgheap.obj
 0002:000033c8       ??_C@_07OHKEFPKJ@DAMAGED?$AA@ 00000001400323c8     LIBCMTD:dbgheap.obj
 0002:000033d0       ??_C@_0KA@IHNJJKPL@HEAP?5CORRUPTION?5DETECTED?3?5on?5top@ 00000001400323d0     LIBCMTD:dbgheap.obj
 0002:00003470       ??_C@_0IC@BBJIOOJH@HEAP?5CORRUPTION?5DETECTED?3?5on?5top@ 0000000140032470     LIBCMTD:dbgheap.obj
 0002:00003500       ??_C@_0EG@DGJMPDBH@?$CFhs?5located?5at?50x?$CFp?5is?5?$CFIu?5bytes@ 0000000140032500     LIBCMTD:dbgheap.obj
 0002:00003548       ??_C@_0CI@JMLBEDHJ@?$CFhs?5located?5at?50x?$CFp?5is?5?$CFIu?5bytes@ 0000000140032548     LIBCMTD:dbgheap.obj
 0002:00003570       ??_C@_1BHO@NNANJNF@?$AA?$CI?$AAf?$AAN?$AAe?$AAw?$AAB?$AAi?$AAt?$AAs?$AA?$DN?$AA?$DN?$AA_?$AAC?$AAR?$AAT?$AAD?$AAB?$AAG?$AA_?$AAR?$AAE?$AAP?$AAO?$AAR?$AAT?$AA_?$AAF?$AAL?$AAA?$AAG?$AA?$CJ?$AA?5@ 0000000140032570     LIBCMTD:dbgheap.obj
 0002:000036f0       ??_C@_1BO@GJFDNMNF@?$AA_?$AAC?$AAr?$AAt?$AAS?$AAe?$AAt?$AAD?$AAb?$AAg?$AAF?$AAl?$AAa?$AAg?$AA?$AA@ 00000001400326f0     LIBCMTD:dbgheap.obj
 0002:00003710       ??_C@_1BM@MIMANDHC@?$AAs?$AAt?$AAa?$AAt?$AAe?$AA?5?$AA?$CB?$AA?$DN?$AA?5?$AAN?$AAU?$AAL?$AAL?$AA?$AA@ 0000000140032710     LIBCMTD:dbgheap.obj
 0002:00003730       ??_C@_1CE@NJJKELF@?$AA_?$AAC?$AAr?$AAt?$AAM?$AAe?$AAm?$AAC?$AAh?$AAe?$AAc?$AAk?$AAp?$AAo?$AAi?$AAn?$AAt?$AA?$AA@ 0000000140032730     LIBCMTD:dbgheap.obj
 0002:00003758       ??_C@_0DP@LEFMFBOD@Bad?5memory?5block?5found?5at?50x?$CFp?4?6@ 0000000140032758     LIBCMTD:dbgheap.obj
 0002:00003798       ??_C@_0CB@EAAIGELO@Bad?5memory?5block?5found?5at?50x?$CFp?4?6@ 0000000140032798     LIBCMTD:dbgheap.obj
 0002:000037bc       ??_C@_05MKKEDADM@?$CF?42X?5?$AA@ 00000001400327bc     LIBCMTD:dbgheap.obj
 0002:000037c8       ??_C@_1CG@LPFIACGM@?$AA_?$AAp?$AAr?$AAi?$AAn?$AAt?$AAM?$AAe?$AAm?$AAB?$AAl?$AAo?$AAc?$AAk?$AAD?$AAa?$AAt?$AAa?$AA?$AA@ 00000001400327c8     LIBCMTD:dbgheap.obj
[...]
 0004:00000dbc       $pdata$_ValidateImageBase  0000000140041dbc     LIBCMTD:pesect.obj
 0004:00000dc8       $pdata$?_inconsistency@@YAXXZ 0000000140041dc8     LIBCMTD:hooks.obj
 0004:00000dd4       $pdata$?terminate@@YAXXZ   0000000140041dd4     LIBCMTD:hooks.obj
 0004:00000de0       $pdata$_initp_eh_hooks     0000000140041de0     LIBCMTD:hooks.obj
 0004:00000df8       $pdata$_fcloseall          0000000140041df8     LIBCMTD:closeall.obj
 0004:00000e04       $pdata$_output_s_l         0000000140041e04     LIBCMTD:outputs.obj
 0004:00000e10       $pdata$write_char          0000000140041e10     LIBCMTD:outputs.obj
 0004:00000e10       $pdata$write_char          0000000140041e10     LIBCMTD:outputs.obj
 0004:00000e1c       $pdata$write_multi_char    0000000140041e1c     LIBCMTD:outputs.obj
 0004:00000e1c       $pdata$write_multi_char    0000000140041e1c     LIBCMTD:outputs.obj
 0004:00000e28       $pdata$_fileno             0000000140041e28     LIBCMTD:fileno.obj
 0004:00000e34       $pdata$_isatty             0000000140041e34     LIBCMTD:isatty.obj
 0004:00000e40       $pdata$_isleadbyte_l       0000000140041e40     LIBCMTD:_wctype.obj
 0004:00000e4c       $pdata$isleadbyte          0000000140041e4c     LIBCMTD:_wctype.obj
 0004:00000e58       $pdata$_flsbuf             0000000140041e58     LIBCMTD:_flsbuf.obj
 0004:00000e64       $pdata$_wctomb_s_l         0000000140041e64     LIBCMTD:wctomb.obj
 0004:00000e70       $pdata$wctomb_s            0000000140041e70     LIBCMTD:wctomb.obj
 0004:00000e7c       $pdata$_commit             0000000140041e7c     LIBCMTD:commit.obj
 0004:00000e88       $pdata$_write              0000000140041e88     LIBCMTD:write.obj
 0004:00000e94       $pdata$_write_nolock       0000000140041e94     LIBCMTD:write.obj
 0004:00000ea0       $pdata$_freebuf            0000000140041ea0     LIBCMTD:_freebuf.obj
 0004:00000eac       $pdata$_woutput_l          0000000140041eac     LIBCMTD:woutput.obj
 0004:00000eb8       $pdata$write_char          0000000140041eb8     LIBCMTD:woutput.obj
 0004:00000eb8       $pdata$write_char          0000000140041eb8     LIBCMTD:woutput.obj
 0004:00000ec4       $pdata$write_multi_char    0000000140041ec4     LIBCMTD:woutput.obj
 0004:00000ec4       $pdata$write_multi_char    0000000140041ec4     LIBCMTD:woutput.obj
 0004:00000ed0       $pdata$_woutput_s_l        0000000140041ed0     LIBCMTD:woutputs.obj
 0004:00000edc       $pdata$write_string        0000000140041edc     LIBCMTD:woutputs.obj
 0004:00000edc       $pdata$write_string        0000000140041edc     LIBCMTD:woutputs.obj
 0004:00000ee8       $pdata$_isdigit_l          0000000140041ee8     LIBCMTD:_ctype.obj
 0004:00000ef4       $pdata$isdigit             0000000140041ef4     LIBCMTD:_ctype.obj
 0004:00000f00       $pdata$_tolower_l          0000000140041f00     LIBCMTD:tolower.obj
 0004:00000f0c       $pdata$tolower             0000000140041f0c     LIBCMTD:tolower.obj
 0004:00000f18       $pdata$strrchr             0000000140041f18     LIBCMTD:strrchr.obj
 0004:00000f24       $pdata$_fptostr            0000000140041f24     LIBCMTD:_fptostr.obj
 0004:00000f30       $pdata$__crt_atoflt_l      0000000140041f30     LIBCMTD:atodbl.obj
 0004:00000f3c       $pdata$_atodbl_l           0000000140041f3c     LIBCMTD:atodbl.obj
 0004:00000f48       $pdata$_atoflt_l           0000000140041f48     LIBCMTD:atodbl.obj
 0004:00000f54       $pdata$__dtold             0000000140041f54     LIBCMTD:cfout.obj
 0004:00000f60       $pdata$_fltout2            0000000140041f60     LIBCMTD:cfout.obj
 0004:00000f6c       $pdata$_fptrap             0000000140041f6c     LIBCMTD:crt0fp.obj
 0004:00000f78       $pdata$?x_ismbbtype_l@@YAHPEAUlocaleinfo_struct@@IHH@Z 0000000140041f78     LIBCMTD:ismbbyte.obj
 0004:00000f84       $pdata$_ismbblead          0000000140041f84     LIBCMTD:ismbbyte.obj
 0004:00000f90       $pdata$strcat_s            0000000140041f90     LIBCMTD:strcat_s.obj
 0004:00000f9c       $pdata$_itoa_s             0000000140041f9c     LIBCMTD:xtoas.obj
 0004:00000fa8       $pdata$xtoa_s              0000000140041fa8     LIBCMTD:xtoas.obj
 0004:00000fb4       $pdata$_mbstowcs_l_helper  0000000140041fb4     LIBCMTD:mbstowcs.obj
 0004:00000fc0       $pdata$_mbstowcs_s_l       0000000140041fc0     LIBCMTD:mbstowcs.obj
 0004:00000fcc       $pdata$mbstowcs_s          0000000140041fcc     LIBCMTD:mbstowcs.obj
 0004:00000fd8       $pdata$?wcsncnt@@YA_KPEB_W_K@Z 0000000140041fd8     LIBCMTD:wcstombs.obj
 0004:00000fe4       $pdata$_wcstombs_l_helper  0000000140041fe4     LIBCMTD:wcstombs.obj
 0004:00000ff0       $pdata$_wcstombs_s_l       0000000140041ff0     LIBCMTD:wcstombs.obj
 0004:00000ffc       $pdata$wcstombs_s          0000000140041ffc     LIBCMTD:wcstombs.obj
 0004:00001008       $pdata$_vsnprintf_helper   0000000140042008     LIBCMTD:vsnprnc.obj
 0004:00001014       $pdata$_vsnprintf_s        0000000140042014     LIBCMTD:vsnprnc.obj
 0004:00001020       $pdata$_vsnprintf_s_l      0000000140042020     LIBCMTD:vsnprnc.obj
 0004:0000102c       $pdata$_vsprintf_s_l       000000014004202c     LIBCMTD:vsnprnc.obj
 0004:00001038       $pdata$__GSHandlerCheck_SEH 0000000140042038     LIBCMTD:gshandlerseh.obj
 0004:00001044       $pdata$__free_lconv_mon    0000000140042044     LIBCMTD:initmon.obj
 0004:00001050       $pdata$__free_lconv_num    0000000140042050     LIBCMTD:initnum.obj
 0004:0000105c       $pdata$__free_lc_time      000000014004205c     LIBCMTD:inittime.obj
 0004:00001068       $pdata$?__crtLCMapStringA_stat@@YAHPEAUlocaleinfo_struct@@PEB_WKPEBDHPEADHHH@Z 0000000140042068     LIBCMTD:a_map.obj
 0004:00001074       $pdata$?strncnt@@YAHPEBDH@Z 0000000140042074     LIBCMTD:a_map.obj
 0004:00001080       $pdata$__crtLCMapStringA   0000000140042080     LIBCMTD:a_map.obj
 0004:0000108c       $pdata$?__crtGetStringTypeA_stat@@YAHPEAUlocaleinfo_struct@@KPEBDHPEAGHH@Z 000000014004208c     LIBCMTD:a_str.obj
 0004:00001098       $pdata$__crtGetStringTypeA 0000000140042098     LIBCMTD:a_str.obj
 0004:000010a4       $pdata$?_CatchTryBlock@@YAPEBU_s_TryBlockMapEntry@@PEBU_s_FuncInfo@@H@Z 00000001400420a4     LIBCMTD:trnsctrl.obj
 0004:000010b0       $pdata$?_GetEstablisherFrame@@YAPEA_KPEA_KPEAU_xDISPATCHER_CONTEXT@@PEBU_s_FuncInfo@@0@Z 00000001400420b0     LIBCMTD:trnsctrl.obj
 0004:000010bc       $pdata$?_GetRangeOfTrysToCheck@@YAPEBU_s_TryBlockMapEntry@@PEA_KPEBU_s_FuncInfo@@HHPEAI2PEAU_xDISPATCHER_CONTEXT@@@Z 00000001400420bc     LIBCMTD:trnsctrl.obj
 0004:000010c8       $pdata$?__FrameUnwindToEmptyState@@YAXPEA_KPEAU_xDISPATCHER_CONTEXT@@PEBU_s_FuncInfo@@@Z 00000001400420c8     LIBCMTD:trnsctrl.obj
 0004:000010d4       $pdata$?__SehTransFilter@@YAHPEAU_EXCEPTION_POINTERS@@PEAUEHExceptionRecord@@PEA_KPEAU_CONTEXT@@PEAU_xDISPATCHER_CONTEXT@@PEBU_s_FuncInfo@@PEAH@Z 00000001400420d4     LIBCMTD:trnsctrl.obj
 0004:000010e0       $pdata$_CallSETranslator   00000001400420e0     LIBCMTD:trnsctrl.obj
 0004:000010ec       $pdata$_CreateFrameInfo    00000001400420ec     LIBCMTD:trnsctrl.obj
 0004:000010f8       $pdata$_FindAndUnlinkFrame 00000001400420f8     LIBCMTD:trnsctrl.obj
 0004:00001104       $pdata$_GetImageBase       0000000140042104     LIBCMTD:trnsctrl.obj
 0004:00001110       $pdata$_GetThrowImageBase  0000000140042110     LIBCMTD:trnsctrl.obj
 0004:0000111c       $pdata$_IsExceptionObjectToBeDestroyed 000000014004211c     LIBCMTD:trnsctrl.obj
 0004:00001128       $pdata$_SetImageBase       0000000140042128     LIBCMTD:trnsctrl.obj
 0004:00001134       $pdata$_SetThrowImageBase  0000000140042134     LIBCMTD:trnsctrl.obj
 0004:00001140       $pdata$_UnwindNestedFrames 0000000140042140     LIBCMTD:trnsctrl.obj
 0004:0000114c       $pdata$__CxxFrameHandler3  000000014004214c     LIBCMTD:trnsctrl.obj
 0004:00001158       $pdata$_locterm            0000000140042158     LIBCMTD:wsetloca.obj
 0004:00001164       $pdata$__isa_available_init 0000000140042164     LIBCMTD:cpu_disp.obj
 0004:00001170       $pdata$_fclose_nolock      0000000140042170     LIBCMTD:fclose.obj
 0004:0000117c       $pdata$fclose              000000014004217c     LIBCMTD:fclose.obj
 0004:00001188       $pdata$_lseeki64           0000000140042188     LIBCMTD:lseeki64.obj
 0004:00001194       $pdata$_lseeki64_nolock    0000000140042194     LIBCMTD:lseeki64.obj
 0004:000011a0       $pdata$_getbuf             00000001400421a0     LIBCMTD:_getbuf.obj
 0004:000011ac       $pdata$__lock_fhandle      00000001400421ac     LIBCMTD:osfinfo.obj
 0004:000011b8       $pdata$_free_osfhnd        00000001400421b8     LIBCMTD:osfinfo.obj
 0004:000011c4       $pdata$_get_osfhandle      00000001400421c4     LIBCMTD:osfinfo.obj
 0004:000011d0       $pdata$_unlock_fhandle     00000001400421d0     LIBCMTD:osfinfo.obj
 0004:000011dc       $pdata$_mbtowc_l           00000001400421dc     LIBCMTD:mbtowc.obj
 0004:000011e8       $pdata$mbtowc              00000001400421e8     LIBCMTD:mbtowc.obj
 0004:000011f4       $pdata$_putwch_nolock      00000001400421f4     LIBCMTD:putwch.obj
 0004:00001200       $pdata$_fputwc_nolock      0000000140042200     LIBCMTD:fputwc.obj
 0004:0000120c       $pdata$_CopyMan            000000014004220c     LIBCMTD:intrncvt.obj
 0004:00001218       $pdata$_FillZeroMan        0000000140042218     LIBCMTD:intrncvt.obj
 0004:00001224       $pdata$_IncMan             0000000140042224     LIBCMTD:intrncvt.obj
 0004:00001230       $pdata$_IsZeroMan          0000000140042230     LIBCMTD:intrncvt.obj
 0004:0000123c       $pdata$_RoundMan           000000014004223c     LIBCMTD:intrncvt.obj
 0004:00001248       $pdata$_ShrMan             0000000140042248     LIBCMTD:intrncvt.obj
 0004:00001254       $pdata$_ZeroTail           0000000140042254     LIBCMTD:intrncvt.obj
 0004:00001260       $pdata$__addl              0000000140042260     LIBCMTD:intrncvt.obj
 0004:0000126c       $pdata$_ld12cvt            000000014004226c     LIBCMTD:intrncvt.obj
 0004:00001278       $pdata$_ld12tod            0000000140042278     LIBCMTD:intrncvt.obj
 0004:00001284       $pdata$_ld12tof            0000000140042284     LIBCMTD:intrncvt.obj
 0004:00001290       $pdata$__ld12mul           0000000140042290     LIBCMTD:strgtold.obj
 0004:0000129c       $pdata$__multtenpow12      000000014004229c     LIBCMTD:strgtold.obj
 0004:000012a8       $pdata$__shl_12            00000001400422a8     LIBCMTD:strgtold.obj
 0004:000012b4       $pdata$__shr_12            00000001400422b4     LIBCMTD:strgtold.obj
 0004:000012c0       $pdata$__strgtold12_l      00000001400422c0     LIBCMTD:strgtold.obj
 0004:000012cc       $pdata$$I10_OUTPUT         00000001400422cc     LIBCMTD:x10fout.obj
 0004:000012d8       $pdata$__add_12            00000001400422d8     LIBCMTD:x10fout.obj
 0004:000012e4       $pdata$__DestructExceptionObject 00000001400422e4     LIBCMTD:frame.obj
 0004:000012f0       $pdata$??0bad_exception@std@@QEAA@AEBV01@@Z 00000001400422f0     LIBCMTD:frame.obj
 0004:000012fc       $pdata$??0bad_exception@std@@QEAA@PEBD@Z 00000001400422fc     LIBCMTD:frame.obj
 0004:00001308       $pdata$??1bad_exception@std@@UEAA@XZ 0000000140042308     LIBCMTD:frame.obj
 0004:00001314       $pdata$??_Gbad_exception@std@@UEAAPEAXI@Z 0000000140042314     LIBCMTD:frame.obj
 0004:00001320       $pdata$?CatchIt@@YAXPEAUEHExceptionRecord@@PEA_KPEAU_CONTEXT@@PEAU_xDISPATCHER_CONTEXT@@PEBU_s_FuncInfo@@PEBU_s_HandlerType@@PEBU_s_CatchableType@@PEBU_s_TryBlockMapEntry@@H1EE@Z 0000000140042320     LIBCMTD:frame.obj
 0004:0000132c       $pdata$?ExFilterRethrow@@YAHPEAU_EXCEPTION_POINTERS@@PEAUEHExceptionRecord@@PEAH@Z 000000014004232c     LIBCMTD:frame.obj
 0004:00001338       $pdata$?FindHandler@@YAXPEAUEHExceptionRecord@@PEA_KPEAU_CONTEXT@@PEAU_xDISPATCHER_CONTEXT@@PEBU_s_FuncInfo@@EH1@Z 0000000140042338     LIBCMTD:frame.obj
 0004:00001344       $pdata$?FindHandlerForForeignException@@YAXPEAUEHExceptionRecord@@PEA_KPEAU_CONTEXT@@PEAU_xDISPATCHER_CONTEXT@@PEBU_s_FuncInfo@@HH1@Z 0000000140042344     LIBCMTD:frame.obj
 0004:00001350       $pdata$?IsInExceptionSpec@@YAEPEAUEHExceptionRecord@@PEBU_s_ESTypeList@@@Z 0000000140042350     LIBCMTD:frame.obj
 0004:0000135c       $pdata$?Is_bad_exception_allowed@@YAEPEBU_s_ESTypeList@@@Z 000000014004235c     LIBCMTD:frame.obj
 0004:00001368       $pdata$?__RethrowException@@YAXPEAUEHExceptionRecord@@@Z 0000000140042368     LIBCMTD:frame.obj
 0004:00001374       $pdata$__AdjustPointer     0000000140042374     LIBCMTD:frame.obj
 0004:00001380       $pdata$__BuildCatchObject  0000000140042380     LIBCMTD:frame.obj
 0004:0000138c       $pdata$__BuildCatchObjectHelper 000000014004238c     LIBCMTD:frame.obj
 0004:00001398       $pdata$__CxxCallCatchBlock 0000000140042398     LIBCMTD:frame.obj
 0004:000013a4       $pdata$__FrameUnwindFilter 00000001400423a4     LIBCMTD:frame.obj
 0004:000013b0       $pdata$__FrameUnwindToState 00000001400423b0     LIBCMTD:frame.obj
 0004:000013bc       $pdata$__InternalCxxFrameHandler 00000001400423bc     LIBCMTD:frame.obj
 0004:000013c8       $pdata$__TypeMatch         00000001400423c8     LIBCMTD:frame.obj
 0004:000013d4       $pdata$?__GetCurrentState@@YAHPEA_KPEAU_xDISPATCHER_CONTEXT@@PEBU_s_FuncInfo@@@Z 00000001400423d4     LIBCMTD:ehstate.obj
 0004:000013e0       $pdata$?__GetUnwindTryBlock@@YAHPEA_KPEAU_xDISPATCHER_CONTEXT@@PEBU_s_FuncInfo@@@Z 00000001400423e0     LIBCMTD:ehstate.obj
 0004:000013ec       $pdata$?__SetUnwindTryBlock@@YAXPEA_KPEAU_xDISPATCHER_CONTEXT@@PEBU_s_FuncInfo@@H@Z 00000001400423ec     LIBCMTD:ehstate.obj
 0004:000013f8       $pdata$?__StateFromControlPc@@YAHPEBU_s_FuncInfo@@PEAU_xDISPATCHER_CONTEXT@@@Z 00000001400423f8     LIBCMTD:ehstate.obj
 0004:00001404       $pdata$?__StateFromIp@@YAHPEBU_s_FuncInfo@@PEAU_xDISPATCHER_CONTEXT@@_J@Z 0000000140042404     LIBCMTD:ehstate.obj
 0004:0000141c       $pdata$_close              000000014004241c     LIBCMTD:close.obj
 0004:00001428       $pdata$_close_nolock       0000000140042428     LIBCMTD:close.obj
 0004:00001434       $pdata$__termconout        0000000140042434     LIBCMTD:initcon.obj
 0004:00001440       $pdata$__initconout        0000000140042440     LIBCMTD:initcon.obj
 0004:0000144c       $pdata$_flswbuf            000000014004244c     LIBCMTD:_flswbuf.obj
 0004:00001458       $pdata$__mtold12           0000000140042458     LIBCMTD:mantold.obj
 0004:00001464       $pdata$?_ValidateExecute@@YAHP6A_JXZ@Z 0000000140042464     LIBCMTD:validate.obj
 0004:00001470       $pdata$?_ValidateRead@@YAHPEBXI@Z 0000000140042470     LIBCMTD:validate.obj
 0004:00001470       $pdata$?_ValidateWrite@@YAHPEAXI@Z 0000000140042470     LIBCMTD:validate.obj
 0004:00001488       $pdata$_onexit$fin$0       0000000140042488     LIBCMTD:onexit.obj
 0004:00001494       $pdata$printf$fin$0        0000000140042494     LIBCMTD:printf.obj
 0004:000014a0       $pdata$__tmainCRTStartup$filt$0 00000001400424a0     LIBCMTD:wincrt0.obj
 0004:000014ac       $pdata$_CrtCheckMemory$fin$0 00000001400424ac     LIBCMTD:dbgheap.obj
 0004:000014b8       $pdata$_heap_alloc_dbg_impl$fin$0 00000001400424b8     LIBCMTD:dbgheap.obj
 0004:000014b8       $pdata$_CrtMemCheckpoint$fin$0 00000001400424b8     LIBCMTD:dbgheap.obj
 0004:000014b8       $pdata$?fin$0@?0??_CrtMemDumpAllObjectsSince_stat@@YAXPEBU_CrtMemState@@PEAUlocaleinfo_struct@@@Z@4HA 00000001400424b8     LIBCMTD:dbgheap.obj
 0004:000014c4       $pdata$_msize_dbg$fin$0    00000001400424c4     LIBCMTD:dbgheap.obj
 0004:000014c4       $pdata$_realloc_dbg$fin$0  00000001400424c4     LIBCMTD:dbgheap.obj
 0004:000014c4       $pdata$_CrtSetDbgFlag$fin$0 00000001400424c4     LIBCMTD:dbgheap.obj
 0004:000014c4       $pdata$?fin$0@?0???3@YAXPEAX@Z@4HA 00000001400424c4     LIBCMTD:dbgheap.obj
 0004:000014d0       $pdata$_free_dbg$fin$0     00000001400424d0     LIBCMTD:dbgheap.obj
 0004:000014dc       $pdata$doexit$fin$0        00000001400424dc     LIBCMTD:crt0dat.obj
 0004:000014e8       $pdata$fflush$fin$0        00000001400424e8     LIBCMTD:fflush.obj
 0004:000014f4       $pdata$flsall$fin$0        00000001400424f4     LIBCMTD:fflush.obj
 0004:00001500       $pdata$flsall$fin$1        0000000140042500     LIBCMTD:fflush.obj
 0004:0000150c       $pdata$fwprintf$fin$0      000000014004250c     LIBCMTD:fwprintf.obj
 0004:00001518       $pdata$raise$fin$0         0000000140042518     LIBCMTD:winsig.obj
 0004:00001524       $pdata$_freefls$fin$0      0000000140042524     LIBCMTD:tidtable.obj
 0004:00001524       $pdata$_initptd$fin$0      0000000140042524     LIBCMTD:tidtable.obj
 0004:00001530       $pdata$_initptd$fin$1      0000000140042530     LIBCMTD:tidtable.obj
 0004:00001530       $pdata$_freefls$fin$1      0000000140042530     LIBCMTD:tidtable.obj
 0004:0000153c       $pdata$_ioinit$fin$0       000000014004253c     LIBCMTD:ioinit.obj
 0004:00001548       $pdata$?fin$0@?0??_Type_info_dtor@type_info@@CAXPEAV1@@Z@4HA 0000000140042548     LIBCMTD:typname.obj
 0004:00001554       $pdata$_VCrtDbgReportA$fin$0 0000000140042554     LIBCMTD:dbgrptt.obj
 0004:00001560       $pdata$_VCrtDbgReportA$fin$1 0000000140042560     LIBCMTD:dbgrptt.obj
 0004:0000156c       $pdata$_VCrtDbgReportW$fin$0 000000014004256c     LIBCMTD:dbgrptt.obj
 0004:00001578       $pdata$_VCrtDbgReportW$fin$1 0000000140042578     LIBCMTD:dbgrptt.obj
 0004:00001584       $pdata$?dtor$0@?0??getSystemCP@@YAHH@Z@4HA 0000000140042584     LIBCMTD:mbctype.obj
 0004:00001590       $pdata$_setmbcp$fin$0      0000000140042590     LIBCMTD:mbctype.obj
 0004:00001590       $pdata$__updatetmbcinfo$fin$0 0000000140042590     LIBCMTD:mbctype.obj
 0004:0000159c       $pdata$_IsNonwritableInCurrentImage$filt$0 000000014004259c     LIBCMTD:pesect.obj
 0004:000015a8       $pdata$_fcloseall$fin$0    00000001400425a8     LIBCMTD:closeall.obj
 0004:000015b4       $pdata$_write$fin$0        00000001400425b4     LIBCMTD:commit.obj
 0004:000015b4       $pdata$_commit$fin$0       00000001400425b4     LIBCMTD:commit.obj
 0004:000015b4       $pdata$_lseeki64$fin$0     00000001400425b4     LIBCMTD:commit.obj
 0004:000015b4       $pdata$_close$fin$0        00000001400425b4     LIBCMTD:commit.obj
 0004:000015c0       $pdata$?dtor$0@?0??x_ismbbtype_l@@YAHPEAUlocaleinfo_struct@@IHH@Z@4HA 00000001400425c0     LIBCMTD:ismbbyte.obj
 0004:000015cc       $pdata$_CallSETranslator$filt$0 00000001400425cc     LIBCMTD:trnsctrl.obj
 0004:000015d8       $pdata$_locterm$fin$0      00000001400425d8     LIBCMTD:wsetloca.obj
 0004:000015d8       $pdata$__updatetlocinfo$fin$0 00000001400425d8     LIBCMTD:wsetloca.obj
 0004:000015e4       $pdata$setvbuf$fin$0       00000001400425e4     LIBCMTD:fclose.obj
 0004:000015e4       $pdata$fclose$fin$0        00000001400425e4     LIBCMTD:fclose.obj
 0004:000015f0       $pdata$_mtinitlocknum$fin$0 00000001400425f0     LIBCMTD:osfinfo.obj
 0004:000015f0       $pdata$__lock_fhandle$fin$0 00000001400425f0     LIBCMTD:osfinfo.obj
 0004:000015fc       $pdata$?filt$0@?0??__crtIsBadReadPtr@@YAHPEBX_K@Z@4HA 00000001400425fc     LIBCMTD:frame.obj
 0004:000015fc       $pdata$__BuildCatchObjectHelper$filt$0 00000001400425fc     LIBCMTD:frame.obj
 0004:000015fc       $pdata$?filt$0@?0??terminate@@YAXXZ@4HA 00000001400425fc     LIBCMTD:frame.obj
 0004:000015fc       $pdata$__BuildCatchObject$filt$0 00000001400425fc     LIBCMTD:frame.obj
 0004:000015fc       $pdata$?filt$0@?0??_inconsistency@@YAXXZ@4HA 00000001400425fc     LIBCMTD:frame.obj
 0004:00001608       $pdata$__CxxCallCatchBlock$filt$0 0000000140042608     LIBCMTD:frame.obj
 0004:00001614       $pdata$__CxxCallCatchBlock$fin$1 0000000140042614     LIBCMTD:frame.obj
 0004:00001620       $pdata$__DestructExceptionObject$filt$0 0000000140042620     LIBCMTD:frame.obj
 0004:0000162c       $pdata$__FrameUnwindToState$filt$0 000000014004262c     LIBCMTD:frame.obj
 0004:00001638       $pdata$__FrameUnwindToState$fin$1 0000000140042638     LIBCMTD:frame.obj
 0004:00001644       $pdata$??__Fentities@@YAXXZ 0000000140042644     win32_main.obj
 0004:00001650       $pdata$??__Fglobal_allocator@@YAXXZ 0000000140042650     win32_main.obj
